###############################################################################
#
# IAR ELF Linker V7.30.4.8167/W32 for ARM                 31/Oct/2015  22:54:43
# Copyright 2007-2014 IAR Systems AB.
#
#    Output file  =  
#        H:\Projects\Companies\Ashian\Codes\-DEVICES\SmartLight\CC2538\Router\Exe\SmartLight.out.tmp
#    Map file     =  
#        H:\Projects\Companies\Ashian\Codes\-DEVICES\SmartLight\CC2538\Router\List\SmartLight.map
#    Command line =  
#        H:\Projects\Companies\Ashian\Codes\-DEVICES\SmartLight\CC2538\Router\Obj\AF.o
#        H:\Projects\Companies\Ashian\Codes\-DEVICES\SmartLight\CC2538\Router\Obj\armcm3flashutil.o
#        H:\Projects\Companies\Ashian\Codes\-DEVICES\SmartLight\CC2538\Router\Obj\BindingTable.o
#        H:\Projects\Companies\Ashian\Codes\-DEVICES\SmartLight\CC2538\Router\Obj\DebugTrace.o
#        H:\Projects\Companies\Ashian\Codes\-DEVICES\SmartLight\CC2538\Router\Obj\hal_adc.o
#        H:\Projects\Companies\Ashian\Codes\-DEVICES\SmartLight\CC2538\Router\Obj\hal_aes.o
#        H:\Projects\Companies\Ashian\Codes\-DEVICES\SmartLight\CC2538\Router\Obj\hal_assert.o
#        H:\Projects\Companies\Ashian\Codes\-DEVICES\SmartLight\CC2538\Router\Obj\hal_ccm.o
#        H:\Projects\Companies\Ashian\Codes\-DEVICES\SmartLight\CC2538\Router\Obj\hal_drivers.o
#        H:\Projects\Companies\Ashian\Codes\-DEVICES\SmartLight\CC2538\Router\Obj\hal_key.o
#        H:\Projects\Companies\Ashian\Codes\-DEVICES\SmartLight\CC2538\Router\Obj\hal_lcd.o
#        H:\Projects\Companies\Ashian\Codes\-DEVICES\SmartLight\CC2538\Router\Obj\hal_led.o
#        H:\Projects\Companies\Ashian\Codes\-DEVICES\SmartLight\CC2538\Router\Obj\hal_mac_cfg.o
#        H:\Projects\Companies\Ashian\Codes\-DEVICES\SmartLight\CC2538\Router\Obj\hal_sleep.o
#        H:\Projects\Companies\Ashian\Codes\-DEVICES\SmartLight\CC2538\Router\Obj\hal_sys_ctrl.o
#        H:\Projects\Companies\Ashian\Codes\-DEVICES\SmartLight\CC2538\Router\Obj\hal_systick.o
#        H:\Projects\Companies\Ashian\Codes\-DEVICES\SmartLight\CC2538\Router\Obj\hal_timer.o
#        H:\Projects\Companies\Ashian\Codes\-DEVICES\SmartLight\CC2538\Router\Obj\hal_uart.o
#        H:\Projects\Companies\Ashian\Codes\-DEVICES\SmartLight\CC2538\Router\Obj\mac_autopend.o
#        H:\Projects\Companies\Ashian\Codes\-DEVICES\SmartLight\CC2538\Router\Obj\mac_backoff_timer.o
#        H:\Projects\Companies\Ashian\Codes\-DEVICES\SmartLight\CC2538\Router\Obj\mac_cfg.o
#        H:\Projects\Companies\Ashian\Codes\-DEVICES\SmartLight\CC2538\Router\Obj\mac_csp_tx.o
#        H:\Projects\Companies\Ashian\Codes\-DEVICES\SmartLight\CC2538\Router\Obj\mac_low_level.o
#        H:\Projects\Companies\Ashian\Codes\-DEVICES\SmartLight\CC2538\Router\Obj\mac_mcu.o
#        H:\Projects\Companies\Ashian\Codes\-DEVICES\SmartLight\CC2538\Router\Obj\mac_mem.o
#        H:\Projects\Companies\Ashian\Codes\-DEVICES\SmartLight\CC2538\Router\Obj\mac_pib.o
#        H:\Projects\Companies\Ashian\Codes\-DEVICES\SmartLight\CC2538\Router\Obj\mac_radio.o
#        H:\Projects\Companies\Ashian\Codes\-DEVICES\SmartLight\CC2538\Router\Obj\mac_radio_defs.o
#        H:\Projects\Companies\Ashian\Codes\-DEVICES\SmartLight\CC2538\Router\Obj\mac_rffrontend.o
#        H:\Projects\Companies\Ashian\Codes\-DEVICES\SmartLight\CC2538\Router\Obj\mac_rx.o
#        H:\Projects\Companies\Ashian\Codes\-DEVICES\SmartLight\CC2538\Router\Obj\mac_rx_onoff.o
#        H:\Projects\Companies\Ashian\Codes\-DEVICES\SmartLight\CC2538\Router\Obj\mac_sleep.o
#        H:\Projects\Companies\Ashian\Codes\-DEVICES\SmartLight\CC2538\Router\Obj\mac_tx.o
#        H:\Projects\Companies\Ashian\Codes\-DEVICES\SmartLight\CC2538\Router\Obj\MT.o
#        H:\Projects\Companies\Ashian\Codes\-DEVICES\SmartLight\CC2538\Router\Obj\MT_AF.o
#        H:\Projects\Companies\Ashian\Codes\-DEVICES\SmartLight\CC2538\Router\Obj\MT_APP.o
#        H:\Projects\Companies\Ashian\Codes\-DEVICES\SmartLight\CC2538\Router\Obj\MT_DEBUG.o
#        H:\Projects\Companies\Ashian\Codes\-DEVICES\SmartLight\CC2538\Router\Obj\MT_NWK.o
#        H:\Projects\Companies\Ashian\Codes\-DEVICES\SmartLight\CC2538\Router\Obj\MT_SYS.o
#        H:\Projects\Companies\Ashian\Codes\-DEVICES\SmartLight\CC2538\Router\Obj\MT_TASK.o
#        H:\Projects\Companies\Ashian\Codes\-DEVICES\SmartLight\CC2538\Router\Obj\MT_UART.o
#        H:\Projects\Companies\Ashian\Codes\-DEVICES\SmartLight\CC2538\Router\Obj\MT_UTIL.o
#        H:\Projects\Companies\Ashian\Codes\-DEVICES\SmartLight\CC2538\Router\Obj\MT_VERSION.o
#        H:\Projects\Companies\Ashian\Codes\-DEVICES\SmartLight\CC2538\Router\Obj\MT_ZDO.o
#        H:\Projects\Companies\Ashian\Codes\-DEVICES\SmartLight\CC2538\Router\Obj\nwk_globals.o
#        H:\Projects\Companies\Ashian\Codes\-DEVICES\SmartLight\CC2538\Router\Obj\OnBoard.o
#        H:\Projects\Companies\Ashian\Codes\-DEVICES\SmartLight\CC2538\Router\Obj\OSAL.o
#        H:\Projects\Companies\Ashian\Codes\-DEVICES\SmartLight\CC2538\Router\Obj\OSAL_Clock.o
#        H:\Projects\Companies\Ashian\Codes\-DEVICES\SmartLight\CC2538\Router\Obj\OSAL_Memory.o
#        H:\Projects\Companies\Ashian\Codes\-DEVICES\SmartLight\CC2538\Router\Obj\osal_nv.o
#        H:\Projects\Companies\Ashian\Codes\-DEVICES\SmartLight\CC2538\Router\Obj\OSAL_PwrMgr.o
#        H:\Projects\Companies\Ashian\Codes\-DEVICES\SmartLight\CC2538\Router\Obj\OSAL_SmartLight.o
#        H:\Projects\Companies\Ashian\Codes\-DEVICES\SmartLight\CC2538\Router\Obj\OSAL_Timers.o
#        H:\Projects\Companies\Ashian\Codes\-DEVICES\SmartLight\CC2538\Router\Obj\saddr.o
#        H:\Projects\Companies\Ashian\Codes\-DEVICES\SmartLight\CC2538\Router\Obj\startup_ewarm.o
#        H:\Projects\Companies\Ashian\Codes\-DEVICES\SmartLight\CC2538\Router\Obj\stub_aps.o
#        H:\Projects\Companies\Ashian\Codes\-DEVICES\SmartLight\CC2538\Router\Obj\zcl.o
#        H:\Projects\Companies\Ashian\Codes\-DEVICES\SmartLight\CC2538\Router\Obj\zcl_diagnostic.o
#        H:\Projects\Companies\Ashian\Codes\-DEVICES\SmartLight\CC2538\Router\Obj\zcl_ezmode.o
#        H:\Projects\Companies\Ashian\Codes\-DEVICES\SmartLight\CC2538\Router\Obj\zcl_general.o
#        H:\Projects\Companies\Ashian\Codes\-DEVICES\SmartLight\CC2538\Router\Obj\zcl_ha.o
#        H:\Projects\Companies\Ashian\Codes\-DEVICES\SmartLight\CC2538\Router\Obj\zcl_ms.o
#        H:\Projects\Companies\Ashian\Codes\-DEVICES\SmartLight\CC2538\Router\Obj\zcl_SmartLight.o
#        H:\Projects\Companies\Ashian\Codes\-DEVICES\SmartLight\CC2538\Router\Obj\zcl_SmartLight_data.o
#        H:\Projects\Companies\Ashian\Codes\-DEVICES\SmartLight\CC2538\Router\Obj\ZDApp.o
#        H:\Projects\Companies\Ashian\Codes\-DEVICES\SmartLight\CC2538\Router\Obj\ZDConfig.o
#        H:\Projects\Companies\Ashian\Codes\-DEVICES\SmartLight\CC2538\Router\Obj\ZDiags.o
#        H:\Projects\Companies\Ashian\Codes\-DEVICES\SmartLight\CC2538\Router\Obj\ZDNwkMgr.o
#        H:\Projects\Companies\Ashian\Codes\-DEVICES\SmartLight\CC2538\Router\Obj\ZDObject.o
#        H:\Projects\Companies\Ashian\Codes\-DEVICES\SmartLight\CC2538\Router\Obj\ZDProfile.o
#        H:\Projects\Companies\Ashian\Codes\-DEVICES\SmartLight\CC2538\Router\Obj\ZDSecMgr.o
#        H:\Projects\Companies\Ashian\Codes\-DEVICES\SmartLight\CC2538\Router\Obj\ZGlobals.o
#        H:\Projects\Companies\Ashian\Codes\-DEVICES\SmartLight\CC2538\Router\Obj\zmac.o
#        H:\Projects\Companies\Ashian\Codes\-DEVICES\SmartLight\CC2538\Router\Obj\zmac_cb.o
#        H:\Projects\Companies\Ashian\Codes\-DEVICES\SmartLight\CC2538\Router\Obj\ZMain.o
#        --redirect _Printf=_PrintfTiny --redirect _Scanf=_ScanfSmall -o
#        H:\Projects\Companies\Ashian\Codes\-DEVICES\SmartLight\CC2538\Router\Exe\SmartLight.out.tmp
#        --map
#        H:\Projects\Companies\Ashian\Codes\-DEVICES\SmartLight\CC2538\Router\List\SmartLight.map
#        --config
#        H:\Projects\Companies\Ashian\Codes\-DEVICES\SmartLight\CC2538\..\Source\Tools\CC2538DB\CC2538.icf
#        --semihosting
#        H:\Projects\Companies\Ashian\Codes\-DEVICES\SmartLight\CC2538\..\Source\Libraries\CC2538\bin\Router.a
#        H:\Projects\Companies\Ashian\Codes\-DEVICES\SmartLight\CC2538\..\Source\Libraries\TIMAC\bin\TIMAC-CC2538.a
#        H:\Projects\Companies\Ashian\Codes\-DEVICES\SmartLight\CC2538\..\Source\Components\driverlib\cc2538\bin\iar\sdriverlib.lib
#        H:\Projects\Companies\Ashian\Codes\-DEVICES\SmartLight\CC2538\..\Source\Components\bsp\srf06eb_cc2538\drivers\bin\iar\bsp.lib
#        --entry __iar_program_start --vfe
#
###############################################################################

*******************************************************************************
*** RUNTIME MODEL ATTRIBUTES
***

CppFlavor       = *
__SystemLibrary = DLib


*******************************************************************************
*** PLACEMENT SUMMARY
***

"A1":  place at start of [0x00200000-0x0027c7ff] { ro section .intvec };
"A2":  place at start of [0x0027ffd4-0x0027ffdf] { ro section .cca };
"P1":  place in [from 0x00200000 to 0x0027c7ff] { ro };
"A10": place at start of [0x20004000-0x20007fff] { section VTABLE };
"P2":  place in [from 0x20004000 to 0x20007fff] { rw, block HEAP };

  Section            Kind        Address     Size  Object
  -------            ----        -------     ----  ------
"A1":                                       0x100
  .intvec            const    0x00200000    0x100  startup_ewarm.o [1]
                            - 0x00200100    0x100

"P1":                                     0x1abb3
  .text              ro code  0x00200100   0x25c0  mac_beacon.o [4]
  .text              ro code  0x002026c0    0x188  OSAL_Memory.o [1]
  .text              ro code  0x00202848    0x440  OSAL.o [1]
  .text              ro code  0x00202c88     0x5a  saddr.o [1]
  .text              ro code  0x00202ce2     0x22  zero_init3.o [7]
  .text              ro code  0x00202d04    0x250  interrupt.o [8]
  .text              ro code  0x00202f54    0x234  zmac_cb.o [1]
  .text              ro code  0x00203188    0x202  mac_radio.o [1]
  .text              ro code  0x0020338c    0x290  mac_pib.o [1]
  .text              ro code  0x0020361c     0x7e  mac_low_level.o [1]
  .text              ro code  0x0020369c    0x330  mac_tx.o [1]
  .text              ro code  0x002039cc    0x198  mac_rx_onoff.o [1]
  .text              ro code  0x00203b64      0x2  hal_assert.o [1]
  .text              ro code  0x00203b68    0x134  mac_backoff_timer.o [1]
  .text              ro code  0x00203c9c     0x66  ABImemset.o [7]
  .text              ro code  0x00203d04     0x52  OnBoard.o [1]
  .text              ro code  0x00203d58    0x1ec  OSAL_Timers.o [1]
  .text              ro code  0x00203f44     0x14  OSAL_PwrMgr.o [1]
  .text              ro code  0x00203f58     0x58  OSAL_SmartLight.o [1]
  .text              ro code  0x00203fb0     0x5c  hal_drivers.o [1]
  .text              ro code  0x0020400c     0x10  cpu.o [8]
  .text              ro code  0x0020401c    0x4cc  nwk_bufs.o [3]
  .text              ro code  0x002044e8    0x480  mac_mcu.o [1]
  .text              ro code  0x00204968     0x6c  mac_mem.o [1]
  .text              ro code  0x002049d4    0x6a8  mac_rx.o [1]
  .text              ro code  0x0020507c     0x76  ABImemcpy_unaligned.o [7]
  .text              ro code  0x002050f4     0x5c  mac_sleep.o [1]
  .text              ro code  0x00205150    0x358  mac_csp_tx.o [1]
  .text              ro code  0x002054a8     0xdc  hal_key.o [1]
  .text              ro code  0x00205584   0x16ec  nwk.o [3]
  .text              ro code  0x00206c70    0x148  MT_TASK.o [1]
  .text              ro code  0x00206db8    0x740  APS.o [3]
  .text              ro code  0x002074f8    0x614  aps_frag.o [3]
  .text              ro code  0x00207b0c   0x12a4  ZDApp.o [1]
  .text              ro code  0x00208db0    0x43c  ZDNwkMgr.o [1]
  .text              ro code  0x002091ec   0x162e  zcl.o [1]
  .text              ro code  0x0020a81c    0x744  zcl_SmartLight.o [1]
  .text              ro code  0x0020af60     0x44  hal_aes.o [1]
  .text              ro code  0x0020afa4    0x250  hal_led.o [1]
  .text              ro code  0x0020b1f4    0x36c  hal_uart.o [1]
  .text              ro code  0x0020b560   0x220c  nwk_util.o [3]
  .text              ro code  0x0020d76c    0x1fa  zmac.o [1]
  .text              ro code  0x0020d968   0x1810  rtg.o [3]
  .text              ro code  0x0020f178    0x2ea  mac_autopend.o [1]
  .text              ro code  0x0020f464     0x58  mac_radio_defs.o [1]
  .text              ro code  0x0020f4bc    0x1bc  gpio.o [8]
  .text              ro code  0x0020f678    0x300  ioc.o [8]
  .text              ro code  0x0020f978    0x350  io_pin_int.o [5]
  .text              ro code  0x0020fcc8    0x196  hal_sys_ctrl.o [1]
  .text              ro code  0x0020fe60    0x27c  nwk_globals.o [1]
  .text              ro code  0x002100dc    0x60e  AssocList.o [3]
  .text              ro code  0x002106ec    0x3c8  NLMEDE_CB.o [3]
  .text              ro code  0x00210ab4    0x578  NLMEDE.o [3]
  .text              ro code  0x0021102c    0x520  ssp.o [3]
  .text              ro code  0x0021154c    0x40e  ZDiags.o [1]
  .text              ro code  0x0021195c    0x3cc  AddrMgr.o [3]
  .text              ro code  0x00211d28    0x1a8  aps_groups.o [3]
  .text              ro code  0x00211ed0    0x18c  MT_UART.o [1]
  .text              ro code  0x0021205c     0xba  MT.o [1]
  .text              ro code  0x00212116     0xb0  MT_DEBUG.o [1]
  .text              ro code  0x002121c8     0x84  MT_AF.o [1]
  .text              ro code  0x0021224c    0x614  MT_SYS.o [1]
  .text              ro code  0x00212860    0x720  BindingTable.o [1]
  .text              ro code  0x00212f80    0x4e8  AF.o [1]
  .text              ro code  0x00213468    0xe94  APSMEDE.o [3]
  .text              ro code  0x002142fc    0x174  reflecttrack.o [3]
  .text              ro code  0x00214470    0x170  APSMEDE_CB.o [3]
  .text              ro code  0x002145e0    0x22c  aps_util.o [3]
  .text              ro code  0x0021480c    0xbf6  ZDObject.o [1]
  .text              ro code  0x00215404    0xa5c  ZDSecMgr.o [1]
  .text              ro code  0x00215e60    0x380  ZGlobals.o [1]
  .text              ro code  0x002161e0    0x1bc  sys_ctrl.o [8]
  .text              ro code  0x0021639c     0x54  ZDConfig.o [1]
  .text              ro code  0x002163f0    0xb1c  osal_nv.o [1]
  .text              ro code  0x00216f0c    0xb18  ZDProfile.o [1]
  .text              ro code  0x00217a24      0xa  hal_lcd.o [1]
  .text              ro code  0x00217a30     0x28  zcl_ha.o [1]
  .text              ro code  0x00217a58    0xf16  zcl_general.o [1]
  .text              ro code  0x00218970    0x2e4  zcl_ezmode.o [1]
  .text              ro code  0x00218c54    0x224  zcl_diagnostic.o [1]
  .text              ro code  0x00218e78     0xd6  uart.o [8]
  .text              ro code  0x00218f50     0x24  hal_adc.o [1]
  .text              ro code  0x00218f74    0x1ec  aes.o [8]
  .text              ro code  0x00219160      0x6  ABImemclr4.o [7]
  .text              ro code  0x00219166    0x19e  ssp_hash.o [3]
  .text              ro code  0x00219304     0x94  hal_ccm.o [1]
  .text              ro code  0x00219398    0x74e  MT_ZDO.o [1]
  .text              ro code  0x00219ae8    0x272  OSAL_Clock.o [1]
  .text              ro code  0x00219d5a    0x11c  armcm3flashutil.o [1]
  .text              ro code  0x00219e78     0x32  ABImemset48.o [7]
  .text              ro code  0x00219eac    0x388  ccm.o [8]
  .text              ro code  0x0021a234     0x34  systick.o [8]
  .text              ro code  0x0021a268     0x38  flash.o [8]
  .rodata            const    0x0021a2a0    0x284  zcl_SmartLight_data.o [1]
  .text              ro code  0x0021a524    0x204  ZMain.o [1]
  .text              ro code  0x0021a728     0x24  hal_systick.o [1]
  .text              ro code  0x0021a74c     0xd0  packbits_init.o [7]
  .text              ro code  0x0021a81c      0x6  abort.o [6]
  .text              ro code  0x0021a824     0x14  exit.o [9]
  .rodata            const    0x0021a838     0xcc  mac_beacon.o [4]
  .rodata            const    0x0021a904     0x90  nwk_globals.o [1]
  .text              ro code  0x0021a994     0x8c  MT_APP.o [1]
  .text              ro code  0x0021aa20     0x3a  startup_ewarm.o [1]
  .text              ro code  0x0021aa5a      0xc  cstartup_M.o [7]
  .text              ro code  0x0021aa68     0x1a  cmain.o [7]
  .text              ro code  0x0021aa82      0x4  low_level_init.o [6]
  .text              ro code  0x0021aa88     0x28  data_init.o [7]
  .text              ro code  0x0021aab0      0x4  exit.o [6]
  .text              ro code  0x0021aab4      0xa  cexit.o [7]
  .rodata            const    0x0021aac0     0x29  OSAL_SmartLight.o [1]
  .rodata            const    0x0021aaec     0x24  mac_radio_defs.o [1]
  .iar.init_table    const    0x0021ab10     0x34  - Linker created -
  .rodata            const    0x0021ab44      0x8  mac_cfg.o [1]
  .rodata            const    0x0021ab4c      0x8  MT_VERSION.o [1]
  .text              ro code  0x0021ab54      0x6  hal_sleep.o [1]
  .rodata            const    0x0021ab5a      0x0  zero_init3.o [7]
  .rodata            const    0x0021ab5a      0x0  packbits_init.o [7]
  Initializer bytes  const    0x0021ab5a    0x159  <for P2 s0>
                            - 0x0021acb3  0x1abb3

Absolute sections:                         0x3000
  .noinit            uninit   0x0027c800   0x3000  osal_nv.o [1]
                            - 0x0027f800   0x3000

"A2":                                         0xc
  .cca               const    0x0027ffd4      0xc  startup_ewarm.o [1]
                            - 0x0027ffe0      0xc

"A10":                                      0x100
  VTABLE             zero     0x20004000    0x100  interrupt.o [8]
                            - 0x20004100    0x100

"P2":                                      0x3240
  P2 s0                       0x20004100    0x3d8  <Init block>
    .data            inited   0x20004100     0x88  zcl_SmartLight.o [1]
    .data            inited   0x20004188     0x80  mac_beacon.o [4]
    .data            inited   0x20004208     0x80  mac_beacon.o [4]
    .data            inited   0x20004288     0x64  ZDApp.o [1]
    .data            inited   0x200042ec     0x5c  ZDProfile.o [1]
    .data            inited   0x20004348     0x58  MT.o [1]
    .data            inited   0x200043a0     0x20  osal_nv.o [1]
    .data            inited   0x200043c0     0x20  APS.o [3]
    .data            inited   0x200043e0     0x14  zcl_SmartLight_data.o [1]
    .data            inited   0x200043f4     0x14  zcl_SmartLight_data.o [1]
    .data            inited   0x20004408     0x14  zcl_SmartLight_data.o [1]
    .data            inited   0x2000441c     0x14  zcl_SmartLight_data.o [1]
    .data            inited   0x20004430     0x14  nwk.o [3]
    .data            inited   0x20004444     0x14  mac_beacon.o [4]
    .data            inited   0x20004458      0xc  ZGlobals.o [1]
    .data            inited   0x20004464      0xc  aps_frag.o [3]
    .data            inited   0x20004470      0x8  AF.o [1]
    .data            inited   0x20004478      0x8  reflecttrack.o [3]
    .data            inited   0x20004480      0x4  ZGlobals.o [1]
    .data            inited   0x20004484      0x4  ZGlobals.o [1]
    .data            inited   0x20004488      0x4  ZGlobals.o [1]
    .data            inited   0x2000448c      0x2  zcl_SmartLight_data.o [1]
    .data            inited   0x2000448e      0x2  zcl_SmartLight_data.o [1]
    .data            inited   0x20004490      0x2  zcl_SmartLight_data.o [1]
    .data            inited   0x20004492      0x2  zcl_SmartLight_data.o [1]
    .data            inited   0x20004494      0x2  zcl_SmartLight_data.o [1]
    .data            inited   0x20004496      0x2  ZDObject.o [1]
    .data            inited   0x20004498      0x2  ZGlobals.o [1]
    .data            inited   0x2000449a      0x2  ZGlobals.o [1]
    .data            inited   0x2000449c      0x2  ZGlobals.o [1]
    .data            inited   0x2000449e      0x2  ZGlobals.o [1]
    .data            inited   0x200044a0      0x2  ZGlobals.o [1]
    .data            inited   0x200044a2      0x2  ZGlobals.o [1]
    .data            inited   0x200044a4      0x2  ZGlobals.o [1]
    .data            inited   0x200044a6      0x2  ZGlobals.o [1]
    .data            inited   0x200044a8      0x2  ZGlobals.o [1]
    .data            inited   0x200044aa      0x2  nwk_util.o [3]
    .data            inited   0x200044ac      0x2  NLMEDE.o [3]
    .data            inited   0x200044ae      0x2  reflecttrack.o [3]
    .data            inited   0x200044b0      0x1  mac_sleep.o [1]
    .data            inited   0x200044b1      0x1  nwk_globals.o [1]
    .data            inited   0x200044b2      0x1  OnBoard.o [1]
    .data            inited   0x200044b3      0x1  OSAL.o [1]
    .data            inited   0x200044b4      0x1  zcl_SmartLight_data.o [1]
    .data            inited   0x200044b5      0x1  zcl_SmartLight_data.o [1]
    .data            inited   0x200044b6      0x1  zcl_SmartLight_data.o [1]
    .data            inited   0x200044b7      0x1  zcl_SmartLight_data.o [1]
    .data            inited   0x200044b8      0x1  ZGlobals.o [1]
    .data            inited   0x200044b9      0x1  ZGlobals.o [1]
    .data            inited   0x200044ba      0x1  ZGlobals.o [1]
    .data            inited   0x200044bb      0x1  ZGlobals.o [1]
    .data            inited   0x200044bc      0x1  ZGlobals.o [1]
    .data            inited   0x200044bd      0x1  ZGlobals.o [1]
    .data            inited   0x200044be      0x1  ZGlobals.o [1]
    .data            inited   0x200044bf      0x1  ZGlobals.o [1]
    .data            inited   0x200044c0      0x1  ZGlobals.o [1]
    .data            inited   0x200044c1      0x1  ZGlobals.o [1]
    .data            inited   0x200044c2      0x1  ZGlobals.o [1]
    .data            inited   0x200044c3      0x1  ZGlobals.o [1]
    .data            inited   0x200044c4      0x1  ZGlobals.o [1]
    .data            inited   0x200044c5      0x1  ZGlobals.o [1]
    .data            inited   0x200044c6      0x1  ZGlobals.o [1]
    .data            inited   0x200044c7      0x1  ZGlobals.o [1]
    .data            inited   0x200044c8      0x1  ZGlobals.o [1]
    .data            inited   0x200044c9      0x1  ZGlobals.o [1]
    .data            inited   0x200044ca      0x1  ZGlobals.o [1]
    .data            inited   0x200044cb      0x1  ZGlobals.o [1]
    .data            inited   0x200044cc      0x1  ZGlobals.o [1]
    .data            inited   0x200044cd      0x1  ZGlobals.o [1]
    .data            inited   0x200044ce      0x1  ZGlobals.o [1]
    .data            inited   0x200044cf      0x1  ZGlobals.o [1]
    .data            inited   0x200044d0      0x1  ZGlobals.o [1]
    .data            inited   0x200044d1      0x1  ZGlobals.o [1]
    .data            inited   0x200044d2      0x1  ZGlobals.o [1]
    .data            inited   0x200044d3      0x1  ZGlobals.o [1]
    .data            inited   0x200044d4      0x1  ZGlobals.o [1]
    .data            inited   0x200044d5      0x1  ZGlobals.o [1]
    .data            inited   0x200044d6      0x1  nwk_util.o [3]
    .data            inited   0x200044d7      0x1  NLMEDE.o [3]
  .bss               zero     0x200044d8    0x2f4  nwk_globals.o [1]
  .bss               zero     0x200047cc    0x1c0  nwk_globals.o [1]
  .bss               zero     0x2000498c    0x140  nwk_globals.o [1]
  .bss               zero     0x20004acc     0x78  nwk.o [3]
  .bss               zero     0x20004b44     0x70  io_pin_int.o [5]
  .bss               zero     0x20004bb4     0x6c  mac_pib.o [1]
  .bss               zero     0x20004c20     0x60  nwk_globals.o [1]
  .bss               zero     0x20004c80     0x60  mac_beacon.o [4]
  .bss               zero     0x20004ce0     0x58  ZDiags.o [1]
  .bss               zero     0x20004d38     0x50  nwk_globals.o [1]
  .bss               zero     0x20004d88     0x50  mac_beacon.o [4]
  .bss               zero     0x20004dd8     0x4c  mac_beacon.o [4]
  .bss               zero     0x20004e24     0x48  nwk_globals.o [1]
  .bss               zero     0x20004e6c     0x44  mac_beacon.o [4]
  .bss               zero     0x20004eb0     0x44  mac_beacon.o [4]
  .bss               zero     0x20004ef4     0x38  nwk_globals.o [1]
  .bss               zero     0x20004f2c     0x38  mac_beacon.o [4]
  .bss               zero     0x20004f64     0x34  hal_led.o [1]
  .bss               zero     0x20004f98     0x34  ZDObject.o [1]
  .bss               zero     0x20004fcc     0x30  ZDNwkMgr.o [1]
  .bss               zero     0x20004ffc     0x2c  hal_uart.o [1]
  .bss               zero     0x20005028     0x2a  zcl_ezmode.o [1]
  .bss               zero     0x20005052      0x2  hal_led.o [1]
  .bss               zero     0x20005054     0x24  nwk_globals.o [1]
  .bss               zero     0x20005078     0x24  ZDSecMgr.o [1]
  .bss               zero     0x2000509c     0x20  BindingTable.o [1]
  .bss               zero     0x200050bc     0x20  io_pin_int.o [5]
  .bss               zero     0x200050dc     0x1c  nwk_util.o [3]
  .bss               zero     0x200050f8     0x18  mac_rx.o [1]
  .bss               zero     0x20005110     0x18  nwk_globals.o [1]
  .bss               zero     0x20005128     0x14  nwk_globals.o [1]
  .bss               zero     0x2000513c     0x14  aes.o [8]
  .bss               zero     0x20005150     0x10  mac_mcu.o [1]
  .bss               zero     0x20005160     0x10  ZDConfig.o [1]
  .bss               zero     0x20005170     0x10  APSMEDE.o [3]
  .bss               zero     0x20005180     0x10  APS.o [3]
  .bss               zero     0x20005190      0xd  zcl.o [1]
  .bss               zero     0x2000519d      0x2  mac_rx_onoff.o [1]
  .bss               zero     0x2000519f      0x1  hal_drivers.o [1]
  .bss               zero     0x200051a0      0xc  MT_UART.o [1]
  .bss               zero     0x200051ac      0xc  nwk_globals.o [1]
  .bss               zero     0x200051b8      0xc  osal_nv.o [1]
  .bss               zero     0x200051c4      0xc  zcl_SmartLight.o [1]
  .bss               zero     0x200051d0      0xc  zcl_SmartLight.o [1]
  .bss               zero     0x200051dc      0xc  ZDSecMgr.o [1]
  .bss               zero     0x200051e8      0xc  nwk_util.o [3]
  .bss               zero     0x200051f4      0xc  nwk_util.o [3]
  .bss               zero     0x20005200      0xc  NLMEDE.o [3]
  .bss               zero     0x2000520c      0x8  mac_backoff_timer.o [1]
  .bss               zero     0x20005214      0x8  mac_mcu.o [1]
  .bss               zero     0x2000521c      0x8  mac_tx.o [1]
  .bss               zero     0x20005224      0x8  MT_AF.o [1]
  .bss               zero     0x2000522c      0x8  OnBoard.o [1]
  .bss               zero     0x20005234      0x8  OSAL_Clock.o [1]
  .bss               zero     0x2000523c      0x8  OSAL_PwrMgr.o [1]
  .bss               zero     0x20005244      0x8  OSAL_Timers.o [1]
  .bss               zero     0x2000524c      0x8  zcl_general.o [1]
  .bss               zero     0x20005254      0x8  ZGlobals.o [1]
  .bss               zero     0x2000525c      0x8  ZGlobals.o [1]
  .bss               zero     0x20005264      0x8  zmac.o [1]
  .bss               zero     0x2000526c      0x8  nwk_util.o [3]
  .bss               zero     0x20005274      0x8  AddrMgr.o [3]
  .bss               zero     0x2000527c      0x8  nwk.o [3]
  .bss               zero     0x20005284      0x8  ssp.o [3]
  .bss               zero     0x2000528c      0x8  ssp.o [3]
  .bss               zero     0x20005294      0x4  hal_aes.o [1]
  .bss               zero     0x20005298      0x4  mac_radio.o [1]
  .bss               zero     0x2000529c      0x4  MT_ZDO.o [1]
  .bss               zero     0x200052a0      0x4  OSAL.o [1]
  .bss               zero     0x200052a4      0x4  OSAL_SmartLight.o [1]
  .bss               zero     0x200052a8      0x4  zcl.o [1]
  .bss               zero     0x200052ac      0x4  zcl.o [1]
  .bss               zero     0x200052b0      0x4  zcl.o [1]
  .bss               zero     0x200052b4      0x4  zcl.o [1]
  .bss               zero     0x200052b8      0x4  zcl_general.o [1]
  .bss               zero     0x200052bc      0x4  ZDConfig.o [1]
  .bss               zero     0x200052c0      0x4  ZDNwkMgr.o [1]
  .bss               zero     0x200052c4      0x4  ZDNwkMgr.o [1]
  .bss               zero     0x200052c8      0x4  ZDObject.o [1]
  .bss               zero     0x200052cc      0x4  ZDProfile.o [1]
  .bss               zero     0x200052d0      0x4  ZDSecMgr.o [1]
  .bss               zero     0x200052d4      0x4  zmac_cb.o [1]
  .bss               zero     0x200052d8      0x4  APSMEDE.o [3]
  .bss               zero     0x200052dc      0x4  APSMEDE.o [3]
  .bss               zero     0x200052e0      0x4  nwk_util.o [3]
  .bss               zero     0x200052e4      0x4  aps_groups.o [3]
  .bss               zero     0x200052e8      0x4  APS.o [3]
  .bss               zero     0x200052ec      0x4  APS.o [3]
  .bss               zero     0x200052f0      0x4  APS.o [3]
  .bss               zero     0x200052f4      0x4  nwk_bufs.o [3]
  .bss               zero     0x200052f8      0x4  nwk_bufs.o [3]
  .bss               zero     0x200052fc      0x4  NLMEDE.o [3]
  .bss               zero     0x20005300      0x4  NLMEDE.o [3]
  .bss               zero     0x20005304      0x2  MT.o [1]
  .bss               zero     0x20005306      0x2  zcl_SmartLight_data.o [1]
  .bss               zero     0x20005308      0x2  zcl_SmartLight_data.o [1]
  .bss               zero     0x2000530a      0x2  zcl_SmartLight_data.o [1]
  .bss               zero     0x2000530c      0x2  zcl_SmartLight_data.o [1]
  .bss               zero     0x2000530e      0x2  zcl_SmartLight_data.o [1]
  .bss               zero     0x20005310      0x2  zcl_SmartLight_data.o [1]
  .bss               zero     0x20005312      0x2  ZDObject.o [1]
  .bss               zero     0x20005314      0x2  ZDSecMgr.o [1]
  .bss               zero     0x20005316      0x2  nwk_util.o [3]
  .bss               zero     0x20005318      0x2  NLMEDE.o [3]
  .bss               zero     0x2000531a      0x2  NLMEDE.o [3]
  .bss               zero     0x2000531c      0x1  hal_uart.o [1]
  .bss               zero     0x2000531d      0x1  mac_autopend.o [1]
  .bss               zero     0x2000531e      0x1  mac_autopend.o [1]
  .bss               zero     0x2000531f      0x1  mac_mcu.o [1]
  .bss               zero     0x20005320      0x1  MT_TASK.o [1]
  .bss               zero     0x20005321      0x1  OSAL_Memory.o [1]
  .bss               zero     0x20005322      0x1  zcl.o [1]
  .bss               zero     0x20005323      0x1  zcl_SmartLight_data.o [1]
  .bss               zero     0x20005324      0x1  zcl_SmartLight_data.o [1]
  .bss               zero     0x20005325      0x1  zcl_SmartLight_data.o [1]
  .bss               zero     0x20005326      0x1  zcl_SmartLight_data.o [1]
  .bss               zero     0x20005327      0x1  zcl_SmartLight_data.o [1]
  .bss               zero     0x20005328      0x1  zcl_SmartLight_data.o [1]
  .bss               zero     0x20005329      0x1  ZDApp.o [1]
  .bss               zero     0x2000532a      0x1  ZGlobals.o [1]
  .bss               zero     0x2000532b      0x1  ZGlobals.o [1]
  .bss               zero     0x2000532c      0x1  ZGlobals.o [1]
  .bss               zero     0x2000532d      0x1  ZGlobals.o [1]
  .bss               zero     0x2000532e      0x1  ZGlobals.o [1]
  .bss               zero     0x2000532f      0x1  ZGlobals.o [1]
  .bss               zero     0x20005330      0x1  ZGlobals.o [1]
  .bss               zero     0x20005331      0x1  ZGlobals.o [1]
  .bss               zero     0x20005332      0x1  ZGlobals.o [1]
  .bss               zero     0x20005333      0x1  zmac_cb.o [1]
  .bss               zero     0x20005334      0x1  nwk_util.o [3]
  .bss               zero     0x20005335      0x1  nwk_util.o [3]
  .bss               zero     0x20005336      0x1  rtg.o [3]
  .bss               zero     0x20005337      0x1  rtg.o [3]
  .bss               zero     0x20005338      0x1  nwk.o [3]
  .noinit            uninit   0x2000533c   0x1800  OSAL_Memory.o [1]
  .noinit            uninit   0x20006b3c    0x800  startup_ewarm.o [1]
  .noinit            uninit   0x2000733c      0x4  OSAL_Memory.o [1]
                            - 0x20007340   0x3240


*******************************************************************************
*** INIT TABLE
***

          Address     Size
          -------     ----
Zero (__iar_zero_init3)
    2 destination ranges, total size 0xf61:
          0x20004000  0x100
          0x200044d8  0xe61

Copy/packbits (__iar_packbits_init3)
    1 source range, total size 0x159 (35% of destination):
          0x0021ab5a  0x159
    1 destination range, total size 0x3d8:
          0x20004100  0x3d8



*******************************************************************************
*** MODULE SUMMARY
***

    Module                 ro code  ro data  rw data  rw data
                                                       (abs)
    ------                 -------  -------  -------  -------
H:\Projects\Companies\Ashian\Codes\-DEVICES\SmartLight\CC2538\Router\Obj: [1]
    AF.o                     1 256        3        8
    BindingTable.o           1 824                32
    MT.o                       186       31       90
    MT_AF.o                    132                 8
    MT_APP.o                   140
    MT_DEBUG.o                 176
    MT_SYS.o                 1 556
    MT_TASK.o                  328                 1
    MT_UART.o                  396                12
    MT_VERSION.o                          8
    MT_ZDO.o                 1 870                 4
    OSAL.o                   1 088                 5
    OSAL_Clock.o               626                 8
    OSAL_Memory.o              392             6 149
    OSAL_PwrMgr.o               20                 8
    OSAL_SmartLight.o           88       41        4
    OSAL_Timers.o              492                 8
    OnBoard.o                   82        1        9
    ZDApp.o                  4 772       35      101
    ZDConfig.o                  84                20
    ZDNwkMgr.o               1 084                56
    ZDObject.o               3 062        1       60
    ZDProfile.o              2 840       32       96
    ZDSecMgr.o               2 652                54
    ZDiags.o                 1 038                88
    ZGlobals.o                 896       25       97
    ZMain.o                    516
    armcm3flashutil.o          284
    hal_adc.o                   36
    hal_aes.o                   68                 4
    hal_assert.o                 2
    hal_ccm.o                  148
    hal_drivers.o               92                 1
    hal_key.o                  220
    hal_lcd.o                   10
    hal_led.o                  592                54
    hal_sleep.o                  6
    hal_sys_ctrl.o             406
    hal_systick.o               36
    hal_uart.o                 876                45
    mac_autopend.o             746                 2
    mac_backoff_timer.o        308                 8
    mac_cfg.o                             8
    mac_csp_tx.o               856
    mac_low_level.o            126
    mac_mcu.o                1 152                25
    mac_mem.o                  108
    mac_pib.o                  656               108
    mac_radio.o                514                 4
    mac_radio_defs.o            88       36
    mac_rx.o                 1 704                24
    mac_rx_onoff.o             408                 2
    mac_sleep.o                 92        1        1
    mac_tx.o                   816                 8
    nwk_globals.o              636      144    1 921
    osal_nv.o                2 844       11       44   12 288
    saddr.o                     90
    startup_ewarm.o             58      268    2 048
    zcl.o                    5 678                30
    zcl_SmartLight.o         1 860       47      160
    zcl_SmartLight_data.o               676      112
    zcl_diagnostic.o           548
    zcl_ezmode.o               740                42
    zcl_general.o            3 862                12
    zcl_ha.o                    40
    zmac.o                     506                 8
    zmac_cb.o                  564                 5
    ---------------------------------------------------------
    Total:                  55 372    1 368   11 586   12 288

command line: [2]
    ---------------------------------------------------------
    Total:

Router.a: [3]
    APS.o                    1 856       12       60
    APSMEDE.o                3 732                24
    APSMEDE_CB.o               368
    AddrMgr.o                  972                 8
    AssocList.o              1 550
    NLMEDE.o                 1 400        2       27
    NLMEDE_CB.o                968
    aps_frag.o               1 556        4       12
    aps_groups.o               424                 4
    aps_util.o                 556
    nwk.o                    5 868        7      149
    nwk_bufs.o               1 228                 8
    nwk_util.o               8 716        1       71
    reflecttrack.o             372        3       10
    rtg.o                    6 160                 2
    ssp.o                    1 312                16
    ssp_hash.o                 414
    ---------------------------------------------------------
    Total:                  37 452       29      391

TIMAC-CC2538.a: [4]
    mac_beacon.o             9 664      301      720
    ---------------------------------------------------------
    Total:                   9 664      301      720

bsp.lib: [5]
    io_pin_int.o               848               144
    ---------------------------------------------------------
    Total:                     848               144

dl7M_tln.a: [6]
    abort.o                      6
    exit.o                       4
    low_level_init.o             4
    ---------------------------------------------------------
    Total:                      14

rt7M_tl.a: [7]
    ABImemclr4.o                 6
    ABImemcpy_unaligned.o      118
    ABImemset.o                102
    ABImemset48.o               50
    cexit.o                     10
    cmain.o                     26
    cstartup_M.o                12
    data_init.o                 40
    packbits_init.o            208
    zero_init3.o                34
    ---------------------------------------------------------
    Total:                     606

sdriverlib.lib: [8]
    aes.o                      492                20
    ccm.o                      904
    cpu.o                       16
    flash.o                     56
    gpio.o                     444
    interrupt.o                592               256
    ioc.o                      768
    sys_ctrl.o                 444
    systick.o                   52
    uart.o                     214
    ---------------------------------------------------------
    Total:                   3 982               276

shb_l.a: [9]
    exit.o                      20
    ---------------------------------------------------------
    Total:                      20

    Gaps                        46        5        3
    Linker created                       52
-------------------------------------------------------------
    Grand Total:           108 004    1 755   13 120   12 288


*******************************************************************************
*** ENTRY LIST
***

Entry                      Address    Size  Type      Object
-----                      -------    ----  ----      ------
.iar.init_table$$Base   0x0021ab10           --   Gb  - Linker created -
.iar.init_table$$Limit  0x0021ab44           --   Gb  - Linker created -
?main                   0x0021aa69          Code  Gb  cmain.o [7]
AESECBCheckResult       0x002190cd    0x16  Code  Gb  aes.o [8]
AESECBGetResult         0x002190e3    0x5a  Code  Gb  aes.o [8]
AESECBStart             0x00219045    0x88  Code  Gb  aes.o [8]
AESLoadKey              0x00218f75    0xce  Code  Gb  aes.o [8]
AF_DataRequest          0x002131d5   0x1b2  Code  Gb  AF.o [1]
AF_DataRequestDiscoverRoute
                        0x20004470     0x1  Data  Gb  AF.o [1]
AIB_MaxBindingTime      0x200043c4     0x2  Data  Gb  APS.o [3]
AIB_apsTrustCenterAddress
                        0x200043c8     0x4  Data  Gb  APS.o [3]
AIB_apsUseExtendedPANID
                        0x200043d8     0x8  Data  Gb  APS.o [3]
AIB_apsUseInsecureJoin  0x200043c2     0x1  Data  Gb  APS.o [3]
APSDE_DataCnf           0x00214489     0xa  Code  Gb  APSMEDE_CB.o [3]
APSDE_DataConfirm       0x00214471    0x18  Code  Gb  APSMEDE_CB.o [3]
APSDE_DataIndication    0x00214493    0x9a  Code  Gb  APSMEDE_CB.o [3]
APSDE_DataReq           0x00213469   0x1d0  Code  Gb  APSMEDE.o [3]
APSDE_DataReqMTU        0x00213639    0x28  Code  Gb  APSMEDE.o [3]
APSDE_FrameAlloc        0x00213f89    0xc4  Code  Gb  APSMEDE.o [3]
APSDE_FrameBlkFree      0x00213cf9     0xc  Code  Lc  APSMEDE.o [3]
APSDE_FrameHdrInit      0x00213c6d    0x8c  Code  Lc  APSMEDE.o [3]
APSDE_FrameHdrSet       0x00213b67    0xfa  Code  Lc  APSMEDE.o [3]
APSDE_FrameSend         0x0021404d    0x34  Code  Gb  APSMEDE.o [3]
APSDE_ParseMsg          0x002145e1   0x100  Code  Gb  aps_util.o [3]
APSF_AddObj             0x0020751f    0x2a  Code  Lc  aps_frag.o [3]
APSF_AllocRxObj         0x0020782d    0xda  Code  Lc  aps_frag.o [3]
APSF_FindObj            0x00207549    0x26  Code  Lc  aps_frag.o [3]
APSF_FreeObj            0x0020756f    0x28  Code  Lc  aps_frag.o [3]
APSF_IncomingData       0x00207907   0x12c  Code  Lc  aps_frag.o [3]
APSF_Init               0x002074f9    0x26  Code  Gb  aps_frag.o [3]
APSF_ObjList            0x20004468     0x4  Data  Lc  aps_frag.o [3]
APSF_ProcessAck         0x002077a9    0x84  Code  Gb  aps_frag.o [3]
APSF_ProcessEvent       0x00207a3f    0xae  Code  Gb  aps_frag.o [3]
APSF_SendFragmented     0x00207599   0x110  Code  Gb  aps_frag.o [3]
APSF_SendOsalMsg        0x00207a35     0xa  Code  Gb  aps_frag.o [3]
APSF_TxNextFrame        0x002076a9   0x100  Code  Lc  aps_frag.o [3]
APSF_taskID             0x20004464     0x1  Data  Gb  aps_frag.o [3]
APSME_BindRequest       0x00213661    0x26  Code  Gb  APSMEDE.o [3]
APSME_CmdPkt            0x00213f43    0x40  Code  Gb  APSMEDE.o [3]
APSME_CmdPktCM_RD       0x00213ec3    0x80  Code  Lc  APSMEDE.o [3]
APSME_CmdPktHook        0x200052d8     0x4  Data  Lc  APSMEDE.o [3]
APSME_CmdRemoveDevice   0x00213e93    0x18  Code  Lc  APSMEDE.o [3]
APSME_CmdSwitchKey      0x00213eab    0x18  Code  Lc  APSMEDE.o [3]
APSME_CmdTransportKey   0x00213d89   0x10a  Code  Lc  APSMEDE.o [3]
APSME_FrameSecApplyCM   0x00213ad9    0x6c  Code  Lc  APSMEDE.o [3]
APSME_FrameSecApplyExtCM
                        0x00213b45     0x4  Code  Lc  APSMEDE.o [3]
APSME_FrameSecApplyExtHook
                        0x20005178     0x4  Data  Lc  APSMEDE.o [3]
APSME_FrameSecApplyHook
                        0x20005174     0x4  Data  Lc  APSMEDE.o [3]
APSME_FrameSecCM        0x00213b49    0x1e  Code  Lc  APSMEDE.o [3]
APSME_FrameSecKeySetup  0x002138a7   0x11a  Code  Lc  APSMEDE.o [3]
APSME_FrameSecKeySync   0x0021382b    0x7c  Code  Lc  APSMEDE.o [3]
APSME_FrameSecRemoveCM  0x00213a3f    0x9a  Code  Lc  APSMEDE.o [3]
APSME_FrameSecRemoveHook
                        0x2000517c     0x4  Data  Lc  APSMEDE.o [3]
APSME_FrameSecSetupCM   0x002139c1    0x7e  Code  Lc  APSMEDE.o [3]
APSME_FrameSecSetupHook
                        0x20005170     0x4  Data  Lc  APSMEDE.o [3]
APSME_FrameSecurityRemove
                        0x00214089    0x2a  Code  Gb  APSMEDE.o [3]
APSME_FrameTunnel       0x00213d05    0x84  Code  Lc  APSMEDE.o [3]
APSME_GetRequest        0x0021369b    0x58  Code  Gb  APSMEDE.o [3]
APSME_HoldDataRequests  0x00207389    0x18  Code  Gb  APS.o [3]
APSME_IsDefaultTCLK     0x00215cbf     0x8  Code  Gb  ZDSecMgr.o [1]
APSME_IsDistributedSecurity
                        0x002142a9     0xc  Code  Gb  APSMEDE.o [3]
APSME_KeyFwdToChild     0x00215b21    0x22  Code  Gb  ZDSecMgr.o [1]
APSME_LinkKeyNVIdGet    0x00215afb    0x16  Code  Gb  ZDSecMgr.o [1]
APSME_LinkKeySet        0x00215a27    0x7e  Code  Gb  ZDSecMgr.o [1]
APSME_LinkKeySync       0x002137c1    0x6a  Code  Lc  APSMEDE.o [3]
APSME_LookupExtAddr     0x0021371d    0x3e  Code  Gb  APSMEDE.o [3]
APSME_LookupNwkAddr     0x0021375b    0x2e  Code  Gb  APSMEDE.o [3]
APSME_RemoveDeviceInd   0x00214573    0x2c  Code  Gb  APSMEDE_CB.o [3]
APSME_RemoveDeviceReq   0x00214225    0x3c  Code  Gb  APSMEDE.o [3]
APSME_SecurityCM_RD     0x00214293     0xe  Code  Gb  APSMEDE.o [3]
APSME_SetRequest        0x002136f3    0x2a  Code  Gb  APSMEDE.o [3]
APSME_SwitchKeyInd      0x002145ad    0x28  Code  Gb  APSMEDE_CB.o [3]
APSME_TCLinkKeyInit     0x00215b4d    0x5a  Code  Gb  ZDSecMgr.o [1]
APSME_TCLinkKeyLoad     0x00215c43    0x7c  Code  Gb  ZDSecMgr.o [1]
APSME_TCLinkKeySync     0x00215bb1    0x92  Code  Gb  ZDSecMgr.o [1]
APSME_TransportKeyInd   0x0021452d    0x3e  Code  Gb  APSMEDE_CB.o [3]
APSME_TransportKeyReq   0x002140d5    0xe4  Code  Gb  APSMEDE.o [3]
APSME_UnBindRequest     0x00213687    0x14  Code  Gb  APSMEDE.o [3]
APSME_UpdateDeviceReq   0x002141c7    0x56  Code  Gb  APSMEDE.o [3]
APS_AllowDataRequests   0x200043c3     0x1  Data  Gb  APS.o [3]
APS_CmdInd              0x00206eb3    0x5c  Code  Gb  APS.o [3]
APS_Counter             0x200043c1     0x1  Data  Gb  APS.o [3]
APS_DataConfirmReflect  0x00206fed    0x20  Code  Lc  APS.o [3]
APS_DataIndReflect      0x0020700d   0x11e  Code  Lc  APS.o [3]
APS_GetBind             0x00206f49    0xa4  Code  Lc  APS.o [3]
APS_Init                0x00206ddd    0x30  Code  Gb  APS.o [3]
APS_IsDuplicate         0x00207433    0x98  Code  Lc  APS.o [3]
APS_MaintainDupRejTable
                        0x002073ad    0x86  Code  Lc  APS.o [3]
APS_ReReflect           0x002072ad    0x84  Code  Lc  APS.o [3]
APS_Reflect             0x0020712b   0x182  Code  Lc  APS.o [3]
APS_ReflectMonitor      0x00207331    0x54  Code  Lc  APS.o [3]
APS_ReflectorInit       0x00206db9    0x24  Code  Gb  APS.o [3]
APS_TaskID              0x200043c0     0x1  Data  Gb  APS.o [3]
APS_UnBind              0x00206f11    0x38  Code  Lc  APS.o [3]
APS_event_loop          0x00206e0d    0xa6  Code  Gb  APS.o [3]
APS_lastDupTime         0x200043d4     0x4  Data  Gb  APS.o [3]
AddrMgrEntryAdd         0x002119c7    0x4e  Code  Lc  AddrMgr.o [3]
AddrMgrEntryAddRef      0x00211afd    0x32  Code  Gb  AddrMgr.o [3]
AddrMgrEntryData        0x20005278     0x4  Data  Lc  AddrMgr.o [3]
AddrMgrEntryGet         0x00211bf1    0x3e  Code  Gb  AddrMgr.o [3]
AddrMgrEntryLookupExt   0x00211b99    0x58  Code  Gb  AddrMgr.o [3]
AddrMgrEntryLookupNwk   0x00211b3d    0x4e  Code  Gb  AddrMgr.o [3]
AddrMgrEntryRelease     0x00211ad3    0x2a  Code  Gb  AddrMgr.o [3]
AddrMgrEntrySet         0x00211981    0x46  Code  Lc  AddrMgr.o [3]
AddrMgrEntryTotal       0x20005274     0x2  Data  Lc  AddrMgr.o [3]
AddrMgrEntryUpdate      0x00211c35    0xc6  Code  Gb  AddrMgr.o [3]
AddrMgrEntryValidate    0x0021195d    0x24  Code  Lc  AddrMgr.o [3]
AddrMgrExtAddrEqual     0x00211a67    0x18  Code  Gb  AddrMgr.o [3]
AddrMgrExtAddrLookup    0x00211a7f    0x26  Code  Gb  AddrMgr.o [3]
AddrMgrExtAddrSet       0x00211a3f     0xe  Code  Gb  AddrMgr.o [3]
AddrMgrExtAddrValid     0x00211a4d    0x1a  Code  Gb  AddrMgr.o [3]
AddrMgrInit             0x00211a15    0x2a  Code  Gb  AddrMgr.o [3]
AddrMgrIsFull           0x00211cfb    0x28  Code  Gb  AddrMgr.o [3]
AddrMgrNwkAddrLookup    0x00211aa5    0x2e  Code  Gb  AddrMgr.o [3]
AddrMgrWriteNVRequest   0x00208a2b     0x2  Code  Gb  ZDApp.o [1]
App_TaskID              0x200051a0     0x1  Data  Gb  MT_UART.o [1]
ApsLinkKeyFrmCntr       0x20005078    0x24  Data  Gb  ZDSecMgr.o [1]
AssocAddNew             0x0021011f   0x120  Code  Gb  AssocList.o [3]
AssocChangeNwkAddr      0x00210245    0x70  Code  Gb  AssocList.o [3]
AssocCheckDupNeighbors  0x002104af    0x86  Code  Gb  AssocList.o [3]
AssocChildAging         0x00210535    0x66  Code  Gb  AssocList.o [3]
AssocChildTableManagement
                        0x002105b9    0x4e  Code  Gb  AssocList.o [3]
AssocChildTableUpdateTimeout
                        0x0021059b    0x1e  Code  Gb  AssocList.o [3]
AssocCnfFailStr         0x002100b0    0x10  Data  Gb  nwk_globals.o [1]
AssocCnfStr             0x00210040     0xc  Data  Gb  nwk_globals.o [1]
AssocCount              0x002100f3    0x2c  Code  Gb  AssocList.o [3]
AssocFindDevice         0x0021047d    0x32  Code  Gb  AssocList.o [3]
AssocGetNextChildNode   0x00210437     0x4  Code  Gb  AssocList.o [3]
AssocGetNextNode        0x002103c9    0x6e  Code  Lc  AssocList.o [3]
AssocGetWithAddress     0x00210309    0x68  Code  Gb  AssocList.o [3]
AssocGetWithExt         0x00210307     0x2  Code  Gb  AssocList.o [3]
AssocGetWithShort       0x00210301     0x6  Code  Gb  AssocList.o [3]
AssocInit               0x002100dd    0x16  Code  Gb  AssocList.o [3]
AssocIsChild            0x002102b5    0x1c  Code  Gb  AssocList.o [3]
AssocIsParent           0x002102ed    0x14  Code  Gb  AssocList.o [3]
AssocIsRFChild          0x002102d1    0x1c  Code  Gb  AssocList.o [3]
AssocMakeList           0x0021043b    0x42  Code  Gb  AssocList.o [3]
AssocMakeListOfRfdChild
                        0x00210627    0x72  Code  Gb  AssocList.o [3]
AssocRemove             0x00210371    0x42  Code  Gb  AssocList.o [3]
AssocRspFailStr         0x002100a0    0x10  Data  Gb  nwk_globals.o [1]
AssociatedDevList       0x200044d8   0x2f4  Data  Gb  nwk_globals.o [1]
BindCopyBackupToNewNV   0x00212d87    0xba  Code  Lc  BindingTable.o [1]
BindInitNV              0x00212d41    0x20  Code  Gb  BindingTable.o [1]
BindRestoreFromNV       0x00212e41    0xbe  Code  Gb  BindingTable.o [1]
BindSetDefaultNV        0x00212d6d     0xe  Code  Gb  BindingTable.o [1]
BindWriteNV             0x00212f09    0x52  Code  Gb  BindingTable.o [1]
BindingTable            0x20004ef4    0x38  Data  Gb  nwk_globals.o [1]
BuzzerControl           0x00203d55     0x2  Code  Gb  OnBoard.o [1]
CCMAuthEncryptCheckResult
                        0x00219fb7    0x16  Code  Gb  ccm.o [8]
CCMAuthEncryptGetResult
                        0x00219fcd    0x88  Code  Gb  ccm.o [8]
CCMAuthEncryptStart     0x00219ead   0x10a  Code  Gb  ccm.o [8]
CCMInvAuthDecryptCheckResult
                        0x0021a15b     0x2  Code  Gb  ccm.o [8]
CCMInvAuthDecryptGetResult
                        0x0021a15d    0xaa  Code  Gb  ccm.o [8]
CCMInvAuthDecryptStart  0x0021a055   0x100  Code  Gb  ccm.o [8]
CPUcpsid                0x0020400d     0x8  Code  Gb  cpu.o [8]
CPUcpsie                0x00204015     0x8  Code  Gb  cpu.o [8]
DiagsStatsTable         0x20004ce0    0x58  Data  Lc  ZDiags.o [1]
EnergyLevelStr          0x002100c0    0x10  Data  Gb  nwk_globals.o [1]
FSC_Token               0x200051a3     0x1  Data  Gb  MT_UART.o [1]
FailedStr               0x00210098     0x8  Data  Gb  nwk_globals.o [1]
FaultISR                0x0021aa57     0x2  Code  Lc  startup_ewarm.o [1]
FlashCacheModeSet       0x0021a289    0x12  Code  Gb  flash.o [8]
FlashMainPageErase      0x0021a269    0x10  Code  Gb  flash.o [8]
GPIODirModeSet          0x0020f4eb    0x28  Code  Gb  gpio.o [8]
GPIOGetIntNumber        0x0020f4bd    0x2e  Code  Gb  gpio.o [8]
GPIOIntTypeSet          0x0020f513    0x38  Code  Gb  gpio.o [8]
GPIOIntWakeupDisable    0x0020f657     0xc  Code  Gb  gpio.o [8]
GPIOIntWakeupEnable     0x0020f64d     0xa  Code  Gb  gpio.o [8]
GPIOPinIntClear         0x0020f575     0x6  Code  Gb  gpio.o [8]
GPIOPinIntDisable       0x0020f557     0xe  Code  Gb  gpio.o [8]
GPIOPinIntEnable        0x0020f54b     0xc  Code  Gb  gpio.o [8]
GPIOPinIntStatus        0x0020f565    0x10  Code  Gb  gpio.o [8]
GPIOPinRead             0x0020f595     0x6  Code  Gb  gpio.o [8]
GPIOPinTypeGPIOInput    0x0020f5a1     0xa  Code  Gb  gpio.o [8]
GPIOPinTypeGPIOOutput   0x0020f5ab     0xa  Code  Gb  gpio.o [8]
GPIOPinTypeUARTInput    0x0020f5cd     0x4  Code  Gb  gpio.o [8]
GPIOPinTypeUARTOutput   0x0020f5d1    0x1a  Code  Gb  gpio.o [8]
GPIOPinWrite            0x0020f59b     0x6  Code  Gb  gpio.o [8]
GPIOPortIntRegister     0x0020f57b    0x1a  Code  Gb  gpio.o [8]
GPIOPowIntClear         0x0020f621    0x22  Code  Gb  gpio.o [8]
GPIOPowIntTypeSet       0x0020f5eb    0x36  Code  Gb  gpio.o [8]
GetBindingTableEntry    0x00212d0d    0x32  Code  Gb  BindingTable.o [1]
HalAdcCheckVdd          0x00218f57    0x16  Code  Gb  hal_adc.o [1]
HalAdcRead              0x00218f51     0x4  Code  Gb  hal_adc.o [1]
HalAdcSetReference      0x00218f55     0x2  Code  Gb  hal_adc.o [1]
HalAesInit              0x0020af61    0x14  Code  Gb  hal_aes.o [1]
HalDriverInit           0x00203fb7    0x12  Code  Gb  hal_drivers.o [1]
HalKeyConfig            0x002054db    0x8a  Code  Gb  hal_key.o [1]
HalLcdWriteScreen       0x00217a29     0x2  Code  Gb  hal_lcd.o [1]
HalLcdWriteString       0x00217a25     0x2  Code  Gb  hal_lcd.o [1]
HalLcdWriteStringValue  0x00217a2b     0x2  Code  Gb  hal_lcd.o [1]
HalLcdWriteStringValueValue
                        0x00217a2d     0x2  Code  Gb  hal_lcd.o [1]
HalLcdWriteValue        0x00217a27     0x2  Code  Gb  hal_lcd.o [1]
HalLedBlink             0x0020b017    0x94  Code  Gb  hal_led.o [1]
HalLedInit              0x0020afa5     0xc  Code  Gb  hal_led.o [1]
HalLedOnOff             0x0020b1a1    0x38  Code  Gb  hal_led.o [1]
HalLedSet               0x0020afb1    0x66  Code  Gb  hal_led.o [1]
HalLedState             0x20005052     0x1  Data  Lc  hal_led.o [1]
HalLedStatusControl     0x20004f64    0x34  Data  Lc  hal_led.o [1]
HalLedUpdate            0x0020b0ab    0xf6  Code  Gb  hal_led.o [1]
HalUARTCloseIsr         0x0020b3a5    0x1e  Code  Gb  hal_uart.o [1]
HalUARTInit             0x0020b53d     0x2  Code  Gb  hal_uart.o [1]
HalUARTInitIsr          0x0020b1f5    0x30  Code  Gb  hal_uart.o [1]
HalUARTOpen             0x0020b53f     0x2  Code  Gb  hal_uart.o [1]
HalUARTOpenIsr          0x0020b22b    0xf0  Code  Gb  hal_uart.o [1]
HalUARTPoll             0x0020b541     0x2  Code  Gb  hal_uart.o [1]
HalUARTPollIsr          0x0020b31b    0x8a  Code  Gb  hal_uart.o [1]
HalUARTRead             0x0020b543     0x2  Code  Gb  hal_uart.o [1]
HalUARTReadIsr          0x0020b3c3    0x3e  Code  Gb  hal_uart.o [1]
HalUARTWrite            0x0020b545     0x2  Code  Gb  hal_uart.o [1]
HalUARTWriteIsr         0x0020b401    0x62  Code  Gb  hal_uart.o [1]
Hal_Init                0x00203fb1     0x6  Code  Gb  hal_drivers.o [1]
Hal_ProcessEvent        0x00203fc9    0x3c  Code  Gb  hal_drivers.o [1]
Hal_ProcessPoll         0x00204009     0x4  Code  Gb  hal_drivers.o [1]
Hal_TaskID              0x2000519f     0x1  Data  Gb  hal_drivers.o [1]
Hal_UART_RxBufLen       0x0020b547     0x2  Code  Gb  hal_uart.o [1]
Hal_UART_RxBufLenIsr    0x0020b463    0x18  Code  Gb  hal_uart.o [1]
IOCPadConfigSet         0x0020f7f9    0x68  Code  Gb  ioc.o [8]
IOCPinConfigPeriphInput
                        0x0020f6e1   0x118  Code  Gb  ioc.o [8]
IOCPinConfigPeriphOutput
                        0x0020f679    0x68  Code  Gb  ioc.o [8]
InStream_Read           0x0021a74d    0x22  Code  Lc  packbits_init.o [7]
InitBindingTable        0x00212861    0x48  Code  Gb  BindingTable.o [1]
InitBoard               0x00203d05     0x8  Code  Gb  OnBoard.o [1]
IntAltMapEnable         0x00202e51     0xc  Code  Gb  interrupt.o [8]
IntDefaultHandler       0x0021aa59     0x2  Code  Lc  startup_ewarm.o [1]
IntDisable              0x00202dbd    0x58  Code  Gb  interrupt.o [8]
IntEnable               0x00202d65    0x58  Code  Gb  interrupt.o [8]
IntMasterDisable        0x00202d0d     0x6  Code  Gb  interrupt.o [8]
IntMasterEnable         0x00202d05     0x8  Code  Gb  interrupt.o [8]
IntPendClear            0x00202e15    0x3c  Code  Gb  interrupt.o [8]
IntPrioritySet          0x00202d41    0x24  Code  Gb  interrupt.o [8]
IntRegister             0x00202d1b    0x26  Code  Gb  interrupt.o [8]
LEN_Token               0x200051a2     0x1  Data  Gb  MT_UART.o [1]
LIGHT_TestEp            0x20004128    0x10  Data  Lc  zcl_SmartLight.o [1]
MAC_CbackCheckPending   0x00203127     0x4  Code  Gb  zmac_cb.o [1]
MAC_CbackEvent          0x00202f55   0x1d2  Code  Gb  zmac_cb.o [1]
MAC_CbackQueryRetransmit
                        0x0020312b     0x4  Code  Gb  zmac_cb.o [1]
MAC_Init                0x002020c7    0x44  Code  Gb  mac_beacon.o [4]
MAC_InitCoord           0x00200a01    0x36  Code  Gb  mac_beacon.o [4]
MAC_InitDevice          0x002015a9    0x28  Code  Gb  mac_beacon.o [4]
MAC_McpsDataAlloc       0x00201061    0x1a  Code  Gb  mac_beacon.o [4]
MAC_McpsDataReq         0x0020102f    0x2e  Code  Gb  mac_beacon.o [4]
MAC_MlmeAssociateReq    0x0020169d     0x8  Code  Gb  mac_beacon.o [4]
MAC_MlmeAssociateRsp    0x00200aa1     0xa  Code  Gb  mac_beacon.o [4]
MAC_MlmeGetReq          0x002033cb    0x3a  Code  Gb  mac_pib.o [1]
MAC_MlmeOrphanRsp       0x00200aab     0xa  Code  Gb  mac_beacon.o [4]
MAC_MlmeResetReq        0x00202037    0x86  Code  Gb  mac_beacon.o [4]
MAC_MlmeScanReq         0x00202485     0x8  Code  Gb  mac_beacon.o [4]
MAC_MlmeSetReq          0x00203405    0xf2  Code  Gb  mac_pib.o [1]
MAC_MlmeStartReq        0x00200ab5     0x8  Code  Gb  mac_beacon.o [4]
MAC_SrcMatchAckAllPending
                        0x0020f2f1    0x1e  Code  Gb  mac_autopend.o [1]
MAC_SrcMatchAddEntry    0x0020f1af   0x10e  Code  Gb  mac_autopend.o [1]
MAC_SrcMatchCheckAllPending
                        0x0020f30f     0xe  Code  Gb  mac_autopend.o [1]
MAC_SrcMatchCheckResult
                        0x0020f31d    0x18  Code  Gb  mac_autopend.o [1]
MAC_SrcMatchDeleteEntry
                        0x0020f2c7    0x2a  Code  Gb  mac_autopend.o [1]
MAC_SrcMatchEnable      0x0020f179    0x36  Code  Gb  mac_autopend.o [1]
MTProcessAppRspMsg      0x0021210d     0xa  Code  Gb  MT.o [1]
MTVersionString         0x0021ab4c     0x8  Data  Gb  MT_VERSION.o [1]
MT_AfExec               0x002121c9    0x7a  Code  Gb  MT_AF.o [1]
MT_AppCommandProcessing
                        0x0021a995    0x8c  Code  Gb  MT_APP.o [1]
MT_BuildAndSendZToolResponse
                        0x00212077    0x38  Code  Gb  MT.o [1]
MT_Init                 0x0021205d    0x1a  Code  Gb  MT.o [1]
MT_ProcessDebugMsg      0x00212117    0x86  Code  Gb  MT_DEBUG.o [1]
MT_ProcessDebugStr      0x0021219d    0x2a  Code  Gb  MT_DEBUG.o [1]
MT_ProcessEvent         0x00206c95    0xe8  Code  Gb  MT_TASK.o [1]
MT_ProcessIncoming      0x002120af    0x52  Code  Gb  MT.o [1]
MT_SysCommandProcessing
                        0x0021224d   0x2b8  Code  Gb  MT_SYS.o [1]
MT_SysGetUtcTime        0x00212797    0x78  Code  Lc  MT_SYS.o [1]
MT_SysOsalEventId       0x00212858     0x8  Data  Lc  MT_SYS.o [1]
MT_SysOsalNVRead        0x0021252f   0x10a  Code  Lc  MT_SYS.o [1]
MT_SysOsalNVWrite       0x00212639    0x88  Code  Lc  MT_SYS.o [1]
MT_SysOsalTimerExpired  0x0021283d    0x10  Code  Gb  MT_SYS.o [1]
MT_SysResetInd          0x0021280f    0x24  Code  Gb  MT_SYS.o [1]
MT_SysSetUtcTime        0x002126c1    0xd0  Code  Lc  MT_SYS.o [1]
MT_TaskID               0x20005320     0x1  Data  Gb  MT_TASK.o [1]
MT_TaskInit             0x00206c71    0x1e  Code  Gb  MT_TASK.o [1]
MT_TransportAlloc       0x00206d7d    0x10  Code  Gb  MT_TASK.o [1]
MT_TransportSend        0x00206d8d    0x2c  Code  Gb  MT_TASK.o [1]
MT_UartCalcFCS          0x00211f23    0x1a  Code  Gb  MT_UART.o [1]
MT_UartInit             0x00211ed1    0x4c  Code  Gb  MT_UART.o [1]
MT_UartProcessZToolData
                        0x00211f3d   0x11a  Code  Gb  MT_UART.o [1]
MT_UartRegisterTaskID   0x00211f1d     0x6  Code  Gb  MT_UART.o [1]
MT_ZdoBeaconIndCB       0x002199c9    0xc2  Code  Gb  MT_ZDO.o [1]
MT_ZdoCommandProcessing
                        0x0021939b   0x404  Code  Gb  MT_ZDO.o [1]
MT_ZdoEndDevBindRequest
                        0x002198dd    0xb4  Code  Lc  MT_ZDO.o [1]
MT_ZdoInit              0x00219399     0x2  Code  Gb  MT_ZDO.o [1]
MT_ZdoJoinCnfCB         0x00219a99    0x3a  Code  Gb  MT_ZDO.o [1]
MT_ZdoMatchDescRequest  0x00219833    0xaa  Code  Lc  MT_ZDO.o [1]
MT_ZdoNwkDiscoveryCnfCB
                        0x002199a5    0x24  Code  Gb  MT_ZDO.o [1]
Mv_Cnt                  0x2000410f     0x1  Data  Gb  zcl_SmartLight.o [1]
NIB_init                0x0020fe7f    0xbc  Code  Gb  nwk_globals.o [1]
NLDE_BuildMsg           0x0020b863   0x12a  Code  Lc  nwk_util.o [3]
NLDE_BuildSrcRtgFrame   0x0020b98d    0x44  Code  Gb  nwk_util.o [3]
NLDE_CheckForAddrConflict
                        0x0020c47d    0x36  Code  Gb  nwk_util.o [3]
NLDE_CheckFrameSecurity
                        0x0020bb19    0x2c  Code  Gb  nwk_util.o [3]
NLDE_DataCnf            0x002106ed    0xf8  Code  Gb  NLMEDE_CB.o [3]
NLDE_DataIndSend        0x0020b73f    0x5e  Code  Gb  nwk_util.o [3]
NLDE_DataIndication     0x002107e5   0x214  Code  Gb  NLMEDE_CB.o [3]
NLDE_DataReq            0x00210ac1    0x5c  Code  Gb  NLMEDE.o [3]
NLDE_DataReqAlloc       0x00210b1d    0x40  Code  Gb  NLMEDE.o [3]
NLDE_DataReqSend        0x0020b561   0x1de  Code  Gb  nwk_util.o [3]
NLDE_FrameDataLoad      0x00213789    0x38  Code  Gb  APSMEDE.o [3]
NLDE_GetHandle          0x0020bc13    0x1e  Code  Gb  nwk_util.o [3]
NLDE_ParseFrameControl  0x0020bacf    0x4a  Code  Gb  nwk_util.o [3]
NLDE_ParseMsg           0x0020b9d1    0xfe  Code  Gb  nwk_util.o [3]
NLDE_ParseMsg2          0x0020bb45    0x8e  Code  Gb  nwk_util.o [3]
NLDE_SendMsg            0x0020b79d    0xc6  Code  Gb  nwk_util.o [3]
NLME_AddressConflictAssignNewStochastic
                        0x0020c3a3    0x24  Code  Gb  nwk_util.o [3]
NLME_AssocPermission    0x200044d7     0x1  Data  Gb  NLMEDE.o [3]
NLME_CheckNewAddrSet    0x0020c3c7    0x94  Code  Gb  nwk_util.o [3]
NLME_CmdBcast           0x0020c181    0x12  Code  Gb  nwk_util.o [3]
NLME_CmdCnf             0x0020c105    0x72  Code  Gb  nwk_util.o [3]
NLME_CmdDataReqAlloc    0x0020c193    0x22  Code  Gb  nwk_util.o [3]
NLME_ConcentratorIndication
                        0x00210a6f     0x4  Code  Gb  NLMEDE_CB.o [3]
NLME_DeviceJoiningInit  0x00210ab5     0xc  Code  Gb  NLMEDE.o [3]
NLME_EDScanConfirm      0x00210a73    0x1a  Code  Gb  NLMEDE_CB.o [3]
NLME_EDScanRequest      0x00211011    0x1c  Code  Gb  NLMEDE.o [3]
NLME_GetCoordExtAddr    0x0020bc0b     0x8  Code  Gb  nwk_util.o [3]
NLME_GetCoordShortAddr  0x0020bc03     0x8  Code  Gb  nwk_util.o [3]
NLME_GetEnergyThreshold
                        0x0020c1c1     0x8  Code  Gb  nwk_util.o [3]
NLME_GetExtAddr         0x0020bbe9    0x12  Code  Gb  nwk_util.o [3]
NLME_GetProtocolVersion
                        0x0020c1b5     0x8  Code  Gb  nwk_util.o [3]
NLME_GetShortAddr       0x0020bbfb     0x8  Code  Gb  nwk_util.o [3]
NLME_IsAddressBroadcast
                        0x0020c1e9    0x3e  Code  Gb  nwk_util.o [3]
NLME_JoinConfirm        0x00210a05     0x4  Code  Gb  NLMEDE_CB.o [3]
NLME_JoinIndication     0x00210a09     0x4  Code  Gb  NLMEDE_CB.o [3]
NLME_JoinRequest        0x00210e3f    0xb6  Code  Gb  NLMEDE.o [3]
NLME_LeaveCmdProcess    0x0020c05f    0xa2  Code  Gb  nwk_util.o [3]
NLME_LeaveCmdSend       0x0020bfd1    0x8e  Code  Gb  nwk_util.o [3]
NLME_LeaveCnf           0x00210a0d     0x4  Code  Gb  NLMEDE_CB.o [3]
NLME_LeaveInd           0x00210a11    0x3a  Code  Gb  NLMEDE_CB.o [3]
NLME_LeaveReq           0x00210f05    0x9e  Code  Gb  NLMEDE.o [3]
NLME_LeaveRsp           0x00210fa3    0x46  Code  Gb  NLMEDE.o [3]
NLME_NetworkDiscoveryConfirm
                        0x002109f9     0x4  Code  Gb  NLMEDE_CB.o [3]
NLME_NetworkDiscoveryRequest
                        0x00210b5d    0x46  Code  Gb  NLMEDE.o [3]
NLME_NetworkReportCB    0x0020c6df    0x50  Code  Lc  nwk_util.o [3]
NLME_NetworkStatusCB    0x00210ab1     0x4  Code  Gb  NLMEDE_CB.o [3]
NLME_NwkDiscReq2        0x00210bad    0x52  Code  Gb  NLMEDE.o [3]
NLME_NwkDiscTerm        0x00210bff    0x1e  Code  Gb  NLMEDE.o [3]
NLME_NwkStatusAddrConflictProcess
                        0x0020c26d    0x10  Code  Gb  nwk_util.o [3]
NLME_OrphanJoinRequest  0x00210c8f    0x80  Code  Gb  NLMEDE.o [3]
NLME_PermitJoining      0x200044ac     0x1  Data  Gb  NLMEDE.o [3]
NLME_PermitJoiningDuration
                        0x200044ad     0x1  Data  Lc  NLMEDE.o [3]
NLME_PermitJoiningEvent
                        0x00210c29    0x18  Code  Gb  NLMEDE.o [3]
NLME_PermitJoiningSet   0x00210c41    0x4e  Code  Lc  NLMEDE.o [3]
NLME_PermitJoiningTimeout
                        0x00214ed3     0x2  Code  Gb  ZDObject.o [1]
NLME_ProcessAddressConflictLocal
                        0x0020c311    0x92  Code  Gb  nwk_util.o [3]
NLME_ProcessEndDevTimeoutReq
                        0x0020c7a1    0x62  Code  Gb  nwk_util.o [3]
NLME_ProcessLinkStatus  0x0020cd4f   0x136  Code  Gb  nwk_util.o [3]
NLME_ProcessNetworkReport
                        0x0020c66d    0x6c  Code  Gb  nwk_util.o [3]
NLME_ProcessNetworkStatus
                        0x0020c501    0xdc  Code  Gb  nwk_util.o [3]
NLME_ProcessNetworkUpdate
                        0x0020c74b    0x4c  Code  Gb  nwk_util.o [3]
NLME_ReJoinReq          0x00210d15   0x122  Code  Lc  NLMEDE.o [3]
NLME_ReJoinRequest      0x00210d0f     0x4  Code  Gb  NLMEDE.o [3]
NLME_ReJoinRequestUnsecure
                        0x00210d13     0x2  Code  Gb  NLMEDE.o [3]
NLME_ReadNwkKeyInfo     0x0020d41d    0x20  Code  Gb  nwk_util.o [3]
NLME_RejoinReqCmdProcess
                        0x0020be79    0x5a  Code  Gb  nwk_util.o [3]
NLME_RejoinRspCmdProcess
                        0x0020bf53    0x76  Code  Gb  nwk_util.o [3]
NLME_RejoinRspSend      0x0020bed3    0x80  Code  Gb  nwk_util.o [3]
NLME_RemoveChild        0x0020c227    0x34  Code  Gb  nwk_util.o [3]
NLME_ReportAddressConflict
                        0x0020c461    0x1c  Code  Gb  nwk_util.o [3]
NLME_RouteDiscoveryIndication
                        0x00210a4f    0x20  Code  Gb  NLMEDE_CB.o [3]
NLME_RouteDiscoveryRequest
                        0x0020d9ef   0x118  Code  Gb  rtg.o [3]
NLME_ScanFields         0x200052fc     0x4  Data  Gb  NLMEDE.o [3]
NLME_SendEndDevTimeoutRsp
                        0x0020c811    0x46  Code  Gb  nwk_util.o [3]
NLME_SendLinkStatus     0x0020cce5    0x6a  Code  Gb  nwk_util.o [3]
NLME_SendNetworkReport  0x0020c5e1    0x8c  Code  Gb  nwk_util.o [3]
NLME_SendNetworkStatus  0x0020c4b3    0x4e  Code  Gb  nwk_util.o [3]
NLME_SetAssocFlags      0x0020bd83    0xbe  Code  Gb  nwk_util.o [3]
NLME_SetBroadcastFilter
                        0x0020c1d1    0x18  Code  Gb  nwk_util.o [3]
NLME_SetEnergyThreshold
                        0x0020c1c9     0x8  Code  Gb  nwk_util.o [3]
NLME_SetLinkStatusTimer
                        0x0020cab9    0x36  Code  Gb  nwk_util.o [3]
NLME_SetPollRate        0x0020bd47    0x2c  Code  Gb  nwk_util.o [3]
NLME_SetQueuedPollRate  0x0020bd73     0x8  Code  Gb  nwk_util.o [3]
NLME_SetResponseRate    0x0020bd7b     0x8  Code  Gb  nwk_util.o [3]
NLME_SetUpdateID        0x0020be41    0x38  Code  Gb  nwk_util.o [3]
NLME_StartRouterConfirm
                        0x002109fd     0x4  Code  Gb  NLMEDE_CB.o [3]
NLME_StartRouterRequest
                        0x00210efb     0xa  Code  Gb  NLMEDE.o [3]
NLME_SyncIndication     0x00210a4b     0x4  Code  Gb  NLMEDE_CB.o [3]
NLME_UpdateLinkStatus   0x0020ca95    0x24  Code  Gb  nwk_util.o [3]
NLME_beaconNotifyInd    0x00210a01     0x4  Code  Gb  NLMEDE_CB.o [3]
NWK_TaskID              0x2000527c     0x1  Data  Gb  nwk.o [3]
NetworkIDStr            0x0021006c     0xc  Data  Gb  nwk_globals.o [1]
NmiSR                   0x0021aa55     0x2  Code  Lc  startup_ewarm.o [1]
NwkCommandPktProcessing
                        0x002059d1    0xf4  Code  Lc  nwk.o [3]
NwkDescList             0x20004b40     0x4  Data  Gb  nwk.o [3]
NwkFreqAgilityIncErrorCnt
                        0x0020d3a1    0x5c  Code  Lc  nwk_util.o [3]
NwkFreqAgilityIncTotalTx
                        0x0020d381    0x1a  Code  Lc  nwk_util.o [3]
NwkFreqAgilityInit      0x0020d349    0x18  Code  Gb  nwk_util.o [3]
NwkFreqAgilityScanCfg   0x0020d361    0x20  Code  Lc  nwk_util.o [3]
NwkInitChildAging       0x0020d43d    0x3a  Code  Gb  nwk_util.o [3]
NwkMgrStr_4             0x002091d8    0x14  Data  Gb  ZDNwkMgr.o [1]
NwkNotMyChildListAdd    0x0020d5f1    0x6e  Code  Gb  nwk_util.o [3]
NwkNotMyChildListAging  0x0020d595    0x5a  Code  Gb  nwk_util.o [3]
NwkNotMyChildListDelete
                        0x0020d669    0x4c  Code  Gb  nwk_util.o [3]
NwkNotMyChildListInit   0x0020d569    0x22  Code  Gb  nwk_util.o [3]
NwkNotMyChildSendLeave  0x0020d485    0xde  Code  Gb  nwk_util.o [3]
OSAL_timeSeconds        0x20005238     0x4  Data  Gb  OSAL_Clock.o [1]
OnBoard_SendKeys        0x00203d1f    0x2e  Code  Gb  OnBoard.o [1]
Onboard_rand            0x00203d51     0x4  Code  Gb  OnBoard.o [1]
OrphanRspStr            0x00210080    0x10  Data  Gb  nwk_globals.o [1]
PIR_flag                0x20004110     0x1  Data  Gb  zcl_SmartLight.o [1]
ParentStr               0x00210054     0x8  Data  Gb  nwk_globals.o [1]
PortCPortAIsr           0x0021aa51     0x4  Code  Lc  startup_ewarm.o [1]
RTG_AddRtgEntry         0x0020e2cf   0x136  Code  Lc  rtg.o [3]
RTG_AddSrcRtgEntry      0x0020e405    0x8a  Code  Lc  rtg.o [3]
RTG_AllocNewAddress     0x0020e259    0x2a  Code  Gb  rtg.o [3]
RTG_BcastAdd            0x0020ea29   0x162  Code  Gb  rtg.o [3]
RTG_BcastChk            0x0020e991    0x92  Code  Gb  rtg.o [3]
RTG_BcastDel            0x0020eb8b    0x22  Code  Gb  rtg.o [3]
RTG_BcastHold           0x0020e873    0x3e  Code  Lc  rtg.o [3]
RTG_BcastTimeout        0x0020e8b5    0x80  Code  Lc  rtg.o [3]
RTG_BcastTimerHandler   0x0020e93f    0x52  Code  Gb  rtg.o [3]
RTG_CheckRtStatus       0x0020edf1    0x5c  Code  Gb  rtg.o [3]
RTG_ChildGetNextHop     0x0020dbfb    0x1c  Code  Gb  rtg.o [3]
RTG_DataReq             0x0020ebb1    0xc6  Code  Gb  rtg.o [3]
RTG_DeAllocStochasticAddress
                        0x0020e2cb     0x4  Code  Gb  rtg.o [3]
RTG_GetLinkCost         0x0020e7c9    0x38  Code  Lc  rtg.o [3]
RTG_GetNextHop          0x0020db51    0xaa  Code  Gb  rtg.o [3]
RTG_GetRoutingAddress   0x0020ee4d    0x34  Code  Lc  rtg.o [3]
RTG_GetRtDiscEntry      0x0020ed51    0x2e  Code  Lc  rtg.o [3]
RTG_GetRtgEntry         0x0020ed7f    0x72  Code  Gb  rtg.o [3]
RTG_GetRtgSrcEntry      0x0020e48f    0x2a  Code  Gb  rtg.o [3]
RTG_GetRtgSrcIndex      0x0020e4c1    0x5a  Code  Lc  rtg.o [3]
RTG_GetStochastic       0x0020e283    0x48  Code  Gb  rtg.o [3]
RTG_Init                0x0020d969    0x86  Code  Gb  rtg.o [3]
RTG_MTORouteReq         0x0020db07    0x4a  Code  Gb  rtg.o [3]
RTG_ProcessRrec         0x0020e545    0xca  Code  Gb  rtg.o [3]
RTG_ProcessRrep         0x0020de97   0x106  Code  Gb  rtg.o [3]
RTG_ProcessRreq         0x0020dcdf   0x1a0  Code  Gb  rtg.o [3]
RTG_ProcessRtDiscBits   0x0020ee8d    0x72  Code  Gb  rtg.o [3]
RTG_RemoveRtgEntry      0x0020e79f    0x2a  Code  Gb  rtg.o [3]
RTG_RouteMaintanence    0x0020dc17    0xc8  Code  Gb  rtg.o [3]
RTG_RtgRecordInitiation
                        0x0020e711    0x80  Code  Gb  rtg.o [3]
RTG_SendBrokenRoute     0x0020ef11    0x4a  Code  Gb  rtg.o [3]
RTG_SendNextEDMsg       0x0020ec7d    0xca  Code  Gb  rtg.o [3]
RTG_SendRErr            0x0020e087    0x58  Code  Gb  rtg.o [3]
RTG_SendRrec            0x0020e615    0xa4  Code  Lc  rtg.o [3]
RTG_SendRrep            0x0020dfa7    0xd4  Code  Lc  rtg.o [3]
RTG_SrcGetNextHop       0x0020e6b9     0xa  Code  Gb  rtg.o [3]
RTG_TimerEvent          0x0020e0df   0x134  Code  Gb  rtg.o [3]
RTG_UpdateNeighborEntry
                        0x0020bc31   0x116  Code  Gb  nwk_util.o [3]
RTG_UpdateRtDiscEntry   0x0020e801    0x72  Code  Lc  rtg.o [3]
RTG_ValidateSrcRtg      0x0020e6c3    0x36  Code  Gb  rtg.o [3]
RTG_initRtgTable        0x0020ef8d    0x2e  Code  Gb  rtg.o [3]
RTG_nextHopIsBad        0x0020ef5b    0x32  Code  Gb  rtg.o [3]
Region$$Table$$Base     0x0021ab10           --   Gb  - Linker created -
Region$$Table$$Limit    0x0021ab44           --   Gb  - Linker created -
RegisterForKeys         0x00203d0d    0x12  Code  Gb  OnBoard.o [1]
ResetIsr                0x0021aa21    0x1e  Code  Lc  startup_ewarm.o [1]
RouterStr               0x00210078     0x8  Data  Gb  nwk_globals.o [1]
SSP_BuildAuxHdr         0x0021127b    0x48  Code  Gb  ssp.o [3]
SSP_BuildAuxHdr2        0x002110a1    0x44  Code  Gb  ssp.o [3]
SSP_BuildNonce          0x002112cd    0x1e  Code  Gb  ssp.o [3]
SSP_CCM_Auth_Encrypt    0x00219305    0x3e  Code  Gb  hal_ccm.o [1]
SSP_CCM_InvAuth_Decrypt
                        0x00219345    0x42  Code  Gb  hal_ccm.o [1]
SSP_GetMicLen           0x00211523     0xe  Code  Gb  ssp.o [3]
SSP_GetMicLenHook       0x20005290     0x4  Data  Lc  ssp.o [3]
SSP_GetMicLenProc       0x002112ed    0x10  Code  Gb  ssp.o [3]
SSP_GetNwkKey           0x002112fd    0x48  Code  Gb  ssp.o [3]
SSP_Init                0x0021102d    0x12  Code  Gb  ssp.o [3]
SSP_KeyedHash           0x00219167    0x54  Code  Gb  ssp_hash.o [3]
SSP_NwkSecurity         0x00211511    0x12  Code  Gb  ssp.o [3]
SSP_NwkSecurityHook     0x2000528c     0x4  Data  Lc  ssp.o [3]
SSP_NwkSecurityProc     0x00211345    0xfc  Code  Gb  ssp.o [3]
SSP_ParseAuxHdr         0x0021103f    0x62  Code  Gb  ssp.o [3]
SSP_Process             0x002110e5    0xac  Code  Gb  ssp.o [3]
SSP_ReadNwkActiveKey    0x00211191    0x16  Code  Gb  ssp.o [3]
SSP_SwitchNwkKey        0x002111d5    0x9c  Code  Gb  ssp.o [3]
SSP_UpdateNwkKey        0x002111a7    0x2e  Code  Gb  ssp.o [3]
ScanFailedStr           0x002100d0     0xc  Data  Gb  nwk_globals.o [1]
SentStr                 0x00210090     0x8  Data  Gb  nwk_globals.o [1]
SuccessStr              0x0021004c     0x8  Data  Gb  nwk_globals.o [1]
SysCtrlClockGet         0x0021622d    0x2c  Code  Gb  sys_ctrl.o [8]
SysCtrlClockSet         0x002161e1    0x4c  Code  Gb  sys_ctrl.o [8]
SysCtrlClockStartSetting
                        0x0020fe55     0xa  Code  Gb  hal_sys_ctrl.o [1]
SysCtrlDeepSleepSetting
                        0x0020fd95    0x5e  Code  Gb  hal_sys_ctrl.o [1]
SysCtrlDelay            0x00216279     0x8  Code  Gb  sys_ctrl.o [8]
SysCtrlPeripheralDeepSleepDisable
                        0x0021630b     0x6  Code  Gb  sys_ctrl.o [8]
SysCtrlPeripheralDisable
                        0x002162cb     0x6  Code  Gb  sys_ctrl.o [8]
SysCtrlPeripheralEnable
                        0x002162c5     0x6  Code  Gb  sys_ctrl.o [8]
SysCtrlPeripheralReset  0x00216289    0x3c  Code  Gb  sys_ctrl.o [8]
SysCtrlPeripheralSleepDisable
                        0x002162eb     0x4  Code  Gb  sys_ctrl.o [8]
SysCtrlPowIntClear      0x0020fe37    0x16  Code  Gb  hal_sys_ctrl.o [1]
SysCtrlReset            0x00216281     0x8  Code  Gb  sys_ctrl.o [8]
SysCtrlRunSetting       0x0020fcc9    0x6e  Code  Gb  hal_sys_ctrl.o [1]
SysCtrlSleepSetting     0x0020fd37    0x5e  Code  Gb  hal_sys_ctrl.o [1]
SysCtrlWakeupSetting    0x0020fdf3    0x3e  Code  Gb  hal_sys_ctrl.o [1]
SysTickEnable           0x0021a235     0xc  Code  Gb  systick.o [8]
SysTickIntDisable       0x0021a24d     0xc  Code  Gb  systick.o [8]
SysTickIntEnable        0x0021a241     0xc  Code  Gb  systick.o [8]
SysTickIntHandler       0x0021a729     0x6  Code  Gb  hal_systick.o [1]
SysTickPeriodSet        0x0021a259     0x8  Code  Gb  systick.o [8]
SysTickSetup            0x0021a72f    0x1e  Code  Gb  hal_systick.o [1]
TCLinkKeyFrmCntr        0x200051dc     0xc  Data  Gb  ZDSecMgr.o [1]
UARTCharGetNonBlocking  0x00218f1f    0x10  Code  Gb  uart.o [8]
UARTCharPutNonBlocking  0x00218f2f    0x10  Code  Gb  uart.o [8]
UARTCharsAvail          0x00218f0f     0x6  Code  Gb  uart.o [8]
UARTConfigSetExpClk     0x00218e7f    0x46  Code  Gb  uart.o [8]
UARTDisable             0x00218edf    0x1e  Code  Gb  uart.o [8]
UARTEnable              0x00218ec5    0x1a  Code  Gb  uart.o [8]
UARTFIFOEnable          0x00218efd     0xc  Code  Gb  uart.o [8]
UARTFIFOLevelSet        0x00218e79     0x6  Code  Gb  uart.o [8]
UARTIntClear            0x00218f4b     0x4  Code  Gb  uart.o [8]
UARTIntEnable           0x00218f45     0x6  Code  Gb  uart.o [8]
UBRRTable               0x0020b54c    0x14  Data  Gb  hal_uart.o [1]
ZDAppDetermineDeviceType
                        0x00207ddd    0x4a  Code  Gb  ZDApp.o [1]
ZDAppNwkAddr            0x20004288     0xc  Data  Gb  ZDApp.o [1]
ZDAppPendingBindReq     0x200042c4     0x4  Data  Gb  ZDApp.o [1]
ZDAppTaskID             0x20004297     0x1  Data  Gb  ZDApp.o [1]
ZDApp_AgeOutPendingBindEntry
                        0x00208c71    0x96  Code  Gb  ZDApp.o [1]
ZDApp_AnnounceNewAddress
                        0x00208ae5    0x28  Code  Gb  ZDApp.o [1]
ZDApp_ChangeState       0x00208d23    0x14  Code  Gb  ZDApp.o [1]
ZDApp_DeviceAuthEvt     0x00207e8f    0x48  Code  Gb  ZDApp.o [1]
ZDApp_GetEmptyPendingBindReq
                        0x00208bf3    0x20  Code  Gb  ZDApp.o [1]
ZDApp_InMsgCB           0x00208a2d    0x2c  Code  Gb  ZDApp.o [1]
ZDApp_Init              0x00207b0d    0x58  Code  Gb  ZDApp.o [1]
ZDApp_InitPendingBind   0x00208bcb    0x28  Code  Gb  ZDApp.o [1]
ZDApp_InitUserDesc      0x00207ed7    0x3a  Code  Gb  ZDApp.o [1]
ZDApp_InitZdoCBFunc     0x00208b6d    0x14  Code  Gb  ZDApp.o [1]
ZDApp_JoinReq           0x0020859d    0x2a  Code  Gb  ZDApp.o [1]
ZDApp_LeaveCtrl         0x20005329     0x1  Data  Gb  ZDApp.o [1]
ZDApp_LeaveCtrlInit     0x0020841d    0x28  Code  Gb  ZDApp.o [1]
ZDApp_LeaveCtrlSet      0x00208445    0x10  Code  Gb  ZDApp.o [1]
ZDApp_LeaveReset        0x0020845f    0xb8  Code  Gb  ZDApp.o [1]
ZDApp_LeaveUpdate       0x00208517    0x78  Code  Gb  ZDApp.o [1]
ZDApp_NVUpdate          0x00208b4f     0x2  Code  Gb  ZDApp.o [1]
ZDApp_NetworkDiscoveryReq
                        0x00208599     0x4  Code  Gb  ZDApp.o [1]
ZDApp_NetworkInit       0x00208a59    0x18  Code  Gb  ZDApp.o [1]
ZDApp_NetworkStartEvt   0x00207e27    0x60  Code  Gb  ZDApp.o [1]
ZDApp_NewDeviceList     0x200042d0     0x4  Data  Gb  ZDApp.o [1]
ZDApp_NodeProfileSync   0x00208a85    0x26  Code  Gb  ZDApp.o [1]
ZDApp_NwkDescListProcessing
                        0x00208639    0xd8  Code  Gb  ZDApp.o [1]
ZDApp_NwkStateUpdateCB  0x00208a71     0xc  Code  Gb  ZDApp.o [1]
ZDApp_ProcessMsgCBs     0x002080f9    0x58  Code  Gb  ZDApp.o [1]
ZDApp_ProcessNetworkJoin
                        0x002081b5   0x180  Code  Gb  ZDApp.o [1]
ZDApp_ProcessOSALMsg    0x00207f11   0x1e8  Code  Gb  ZDApp.o [1]
ZDApp_ProcessPendingBindReq
                        0x00208c13    0x58  Code  Gb  ZDApp.o [1]
ZDApp_ProcessSecEvent   0x00207d05    0x78  Code  Gb  ZDApp.o [1]
[...]
zclGeneral_ProcessInGroupsClient
                        0x0021814f    0xfe  Code  Lc  zcl_general.o [1]
zclGeneral_ProcessInGroupsServer
                        0x00217f81   0x1aa  Code  Lc  zcl_general.o [1]
zclGeneral_ProcessInIdentity
                        0x00217e79    0xac  Code  Lc  zcl_general.o [1]
zclGeneral_ProcessInLevelControl
                        0x002187f9    0xaa  Code  Lc  zcl_general.o [1]
zclGeneral_ProcessInScenesClient
                        0x002186dd   0x102  Code  Lc  zcl_general.o [1]
zclGeneral_ProcessInScenesServer
                        0x00218385   0x306  Code  Lc  zcl_general.o [1]
zclGeneral_RegisterCmdCallbacks
                        0x00217a59    0x4a  Code  Gb  zcl_general.o [1]
zclGeneral_RemoveAllScenes
                        0x0021832b    0x40  Code  Gb  zcl_general.o [1]
zclGeneral_RemoveScene  0x002182ed    0x3e  Code  Gb  zcl_general.o [1]
zclGeneral_ScenesInit   0x00218905    0x5e  Code  Gb  zcl_general.o [1]
zclGeneral_ScenesWriteNV
                        0x002188b3    0x4e  Code  Lc  zcl_general.o [1]
zclGeneral_SendGroupGetMembershipRequest
                        0x00217ad5    0x7a  Code  Gb  zcl_general.o [1]
zclGeneral_SendGroupResponse
                        0x00217b57    0x1a  Code  Gb  zcl_general.o [1]
zclGeneral_SendGroupViewResponse
                        0x00217b71    0x6a  Code  Gb  zcl_general.o [1]
zclGeneral_SendIdentifyQueryResponse
                        0x00217aa3    0x12  Code  Gb  zcl_general.o [1]
zclGeneral_SendSceneGetMembershipResponse
                        0x00217d05    0x74  Code  Gb  zcl_general.o [1]
zclGeneral_SendSceneResponse
                        0x00217bf5    0x34  Code  Gb  zcl_general.o [1]
zclGeneral_SendSceneViewRsp
                        0x00217c3f    0xba  Code  Gb  zcl_general.o [1]
zclGetAttrDataLength    0x00209dc7    0x28  Code  Gb  zcl.o [1]
zclGetAttrDataLengthUsingCB
                        0x00209e53    0x28  Code  Lc  zcl.o [1]
zclGetAuthorizeCB       0x00209b43     0xc  Code  Lc  zcl.o [1]
zclGetClusterOption     0x00209b95     0xc  Code  Lc  zcl.o [1]
zclGetDataTypeLength    0x00209d07    0xc0  Code  Gb  zcl.o [1]
zclGetReadWriteCB       0x00209b37     0xc  Code  Lc  zcl.o [1]
zclHA_Init              0x00217a31    0x24  Code  Gb  zcl_ha.o [1]
zclLightSeqNum          0x2000410d     0x1  Data  Gb  zcl_SmartLight.o [1]
zclLight_BasicResetCB   0x0020ab8d    0x2c  Code  Lc  zcl_SmartLight.o [1]
zclLight_CmdCallbacks   0x20004138    0x50  Data  Lc  zcl_SmartLight.o [1]
zclLight_DateCode       0x0021a2b8     0xc  Data  Gb  zcl_SmartLight_data.o [1]
zclLight_DeviceEnable   0x200044b4     0x1  Data  Gb  zcl_SmartLight_data.o [1]
zclLight_DimmableLight_Attrs
                        0x0021a2c8    0xe4  Data  Gb  zcl_SmartLight_data.o [1]
zclLight_DimmableLight_CurrentLevel32
                        0x2000411c     0x4  Data  Gb  zcl_SmartLight.o [1]
zclLight_DimmableLight_DstAddr
                        0x200051c4     0xc  Data  Gb  zcl_SmartLight.o [1]
zclLight_DimmableLight_IdentifyCommissionState
                        0x20005324     0x1  Data  Gb  zcl_SmartLight_data.o [1]
zclLight_DimmableLight_IdentifyTime
                        0x20005306     0x2  Data  Gb  zcl_SmartLight_data.o [1]
zclLight_DimmableLight_InClusterList
                        0x0021a4fc     0xc  Data  Gb  zcl_SmartLight_data.o [1]
zclLight_DimmableLight_LevelControlMoveCB
                        0x0020ace3    0x1a  Code  Lc  zcl_SmartLight.o [1]
zclLight_DimmableLight_LevelControlMoveToLevelCB
                        0x0020acd7     0xc  Code  Lc  zcl_SmartLight.o [1]
zclLight_DimmableLight_LevelControlStepCB
                        0x0020acfd    0x2a  Code  Lc  zcl_SmartLight.o [1]
zclLight_DimmableLight_LevelControlStopCB
                        0x0020ad27    0x14  Code  Lc  zcl_SmartLight.o [1]
zclLight_DimmableLight_LevelCurrentLevel
                        0x200044b5     0x1  Data  Gb  zcl_SmartLight_data.o [1]
zclLight_DimmableLight_LevelDefaultMoveRate
                        0x20005327     0x1  Data  Gb  zcl_SmartLight_data.o [1]
zclLight_DimmableLight_LevelLastLevel
                        0x20004117     0x1  Data  Gb  zcl_SmartLight.o [1]
zclLight_DimmableLight_LevelOffTransitionTime
                        0x20004490     0x2  Data  Gb  zcl_SmartLight_data.o [1]
zclLight_DimmableLight_LevelOnLevel
                        0x200044b6     0x1  Data  Gb  zcl_SmartLight_data.o [1]
zclLight_DimmableLight_LevelOnOffTransitionTime
                        0x2000448c     0x2  Data  Gb  zcl_SmartLight_data.o [1]
zclLight_DimmableLight_LevelOnTransitionTime
                        0x2000448e     0x2  Data  Gb  zcl_SmartLight_data.o [1]
zclLight_DimmableLight_LevelRemainingTime
                        0x2000530a     0x2  Data  Gb  zcl_SmartLight_data.o [1]
zclLight_DimmableLight_MoveBasedOnRate
                        0x0020ac67    0x24  Code  Lc  zcl_SmartLight.o [1]
zclLight_DimmableLight_MoveBasedOnTime
                        0x0020ac8b    0x46  Code  Lc  zcl_SmartLight.o [1]
zclLight_DimmableLight_NewLevel
                        0x20004115     0x1  Data  Gb  zcl_SmartLight.o [1]
zclLight_DimmableLight_NewLevelUp
                        0x20004116     0x1  Data  Gb  zcl_SmartLight.o [1]
zclLight_DimmableLight_NumAttributes
                        0x0021a3ac     0x1  Data  Gb  zcl_SmartLight_data.o [1]
zclLight_DimmableLight_OnOff
                        0x20005326     0x1  Data  Gb  zcl_SmartLight_data.o [1]
zclLight_DimmableLight_OnOffCB
                        0x0020abcf    0x72  Code  Lc  zcl_SmartLight.o [1]
zclLight_DimmableLight_OutClusterList
                        0x0021a508     0x2  Data  Gb  zcl_SmartLight_data.o [1]
zclLight_DimmableLight_Rate32
                        0x20004120     0x4  Data  Gb  zcl_SmartLight.o [1]
zclLight_DimmableLight_SimpleDesc
                        0x200043f4    0x14  Data  Gb  zcl_SmartLight_data.o [1]
zclLight_DimmableLight_TimeRateHelper
                        0x0020ac41    0x26  Code  Lc  zcl_SmartLight.o [1]
zclLight_DimmableLight_WithOnOff
                        0x20004114     0x1  Data  Gb  zcl_SmartLight.o [1]
zclLight_EZModeCB       0x0020ad3b    0x98  Code  Lc  zcl_SmartLight.o [1]
zclLight_HWRevision     0x0021a2a2     0x1  Data  Gb  zcl_SmartLight_data.o [1]
zclLight_IdentifyCB     0x0020abb9     0x8  Code  Lc  zcl_SmartLight.o [1]
zclLight_IdentifyQueryRspCB
                        0x0020abc1     0xe  Code  Lc  zcl_SmartLight.o [1]
zclLight_Init           0x0020a81d    0xc2  Code  Gb  zcl_SmartLight.o [1]
zclLight_LightSensor_Attrs
                        0x0021a3b0    0xa8  Data  Gb  zcl_SmartLight_data.o [1]
zclLight_LightSensor_DstAddr
                        0x20004100     0xc  Data  Gb  zcl_SmartLight.o [1]
zclLight_LightSensor_IlluminanceMaxMeasuredValue
                        0x20005310     0x2  Data  Gb  zcl_SmartLight_data.o [1]
zclLight_LightSensor_IlluminanceMeasuredValue
                        0x2000530c     0x2  Data  Gb  zcl_SmartLight_data.o [1]
zclLight_LightSensor_IlluminanceMinMeasuredValue
                        0x2000530e     0x2  Data  Gb  zcl_SmartLight_data.o [1]
zclLight_LightSensor_InClusterList
                        0x0021a50c     0x8  Data  Gb  zcl_SmartLight_data.o [1]
zclLight_LightSensor_NumAttributes
                        0x0021a458     0x1  Data  Gb  zcl_SmartLight_data.o [1]
zclLight_LightSensor_OutClusterList
                        0x0021a514     0x4  Data  Gb  zcl_SmartLight_data.o [1]
zclLight_LightSensor_SimpleDesc
                        0x20004408    0x14  Data  Gb  zcl_SmartLight_data.o [1]
zclLight_LocationDescription
                        0x200043e0    0x14  Data  Gb  zcl_SmartLight_data.o [1]
zclLight_ManufacturerName
                        0x0021a2a4     0x8  Data  Gb  zcl_SmartLight_data.o [1]
zclLight_ModelId        0x0021a2ac     0xc  Data  Gb  zcl_SmartLight_data.o [1]
zclLight_NwkState       0x20004113     0x1  Data  Gb  zcl_SmartLight.o [1]
zclLight_OccupancySensor_Attrs
                        0x0021a45c    0x9c  Data  Gb  zcl_SmartLight_data.o [1]
zclLight_OccupancySensor_DstAddr
                        0x200051d0     0xc  Data  Gb  zcl_SmartLight.o [1]
zclLight_OccupancySensor_IdentifyCommissionState
                        0x20005325     0x1  Data  Gb  zcl_SmartLight_data.o [1]
zclLight_OccupancySensor_IdentifyTime
                        0x20005308     0x2  Data  Gb  zcl_SmartLight_data.o [1]
zclLight_OccupancySensor_InClusterList
                        0x0021a518     0x8  Data  Gb  zcl_SmartLight_data.o [1]
zclLight_OccupancySensor_NumAttributes
                        0x0021a4f8     0x1  Data  Gb  zcl_SmartLight_data.o [1]
zclLight_OccupancySensor_Occupancy
                        0x20005328     0x1  Data  Gb  zcl_SmartLight_data.o [1]
zclLight_OccupancySensor_OccupancySensorType
                        0x0021a2c4     0x1  Data  Gb  zcl_SmartLight_data.o [1]
zclLight_OccupancySensor_OutClusterList
                        0x0021a520     0x4  Data  Gb  zcl_SmartLight_data.o [1]
zclLight_OccupancySensor_SimpleDesc
                        0x2000441c    0x14  Data  Gb  zcl_SmartLight_data.o [1]
zclLight_PhysicalEnvironment
                        0x20005323     0x1  Data  Gb  zcl_SmartLight_data.o [1]
zclLight_PowerSource    0x0021a2a1     0x1  Data  Gb  zcl_SmartLight_data.o [1]
zclLight_ProcessIdentifyTimeChange
                        0x0020ab41    0x4c  Code  Lc  zcl_SmartLight.o [1]
zclLight_RegisterEZModeData
                        0x0020af40    0x10  Data  Lc  zcl_SmartLight.o [1]
zclLight_TaskID         0x2000410c     0x1  Data  Gb  zcl_SmartLight.o [1]
zclLight_ZCLVersion     0x0021a2a0     0x1  Data  Gb  zcl_SmartLight_data.o [1]
zclLight_event_loop     0x0020a8df   0x262  Code  Gb  zcl_SmartLight.o [1]
zclMultiSensor_CheckPIR
                        0x0020add3    0x8a  Code  Lc  zcl_SmartLight.o [1]
zclOccupancySensor_LastOccupancy
                        0x20004111     0x1  Data  Gb  zcl_SmartLight.o [1]
zclOccupancySensor_OtoUDelay
                        0x20004492     0x2  Data  Gb  zcl_SmartLight_data.o [1]
zclOccupancySensor_UtoODelay
                        0x20004494     0x2  Data  Gb  zcl_SmartLight_data.o [1]
zclOccupancySensor_UtoOThresh
                        0x200044b7     0x1  Data  Gb  zcl_SmartLight_data.o [1]
zclParseHdr             0x00209a79    0x6c  Code  Gb  zcl.o [1]
zclParseInConfigReportCmd
                        0x0020a0f9    0xfc  Code  Gb  zcl.o [1]
zclParseInConfigReportRspCmd
                        0x0020a1ff    0x2e  Code  Lc  zcl.o [1]
zclParseInDefaultRspCmd
                        0x0020a44d    0x18  Code  Lc  zcl.o [1]
zclParseInReadCmd       0x00209f51    0x34  Code  Gb  zcl.o [1]
zclParseInReadReportCfgCmd
                        0x0020a22d    0x2c  Code  Gb  zcl.o [1]
zclParseInReadReportCfgRspCmd
                        0x0020a275   0x100  Code  Lc  zcl.o [1]
zclParseInReadRspCmd    0x00209f85    0xc2  Code  Lc  zcl.o [1]
zclParseInReportCmd     0x0020a37b    0x5e  Code  Gb  zcl.o [1]
zclParseInWriteCmd      0x0020a047    0x60  Code  Gb  zcl.o [1]
zclParseInWriteRspCmd   0x0020a0b3    0x46  Code  Lc  zcl.o [1]
zclProcessInReadCmd     0x0020a465    0xc6  Code  Lc  zcl.o [1]
zclProcessInWriteCmd    0x0020a52b    0xd8  Code  Lc  zcl.o [1]
zclProcessInWriteUndividedCmd
                        0x0020a60f   0x1ce  Code  Lc  zcl.o [1]
zclReadAttrData         0x00209def    0x2a  Code  Gb  zcl.o [1]
zclReadAttrDataUsingCB  0x00209e7b    0x2c  Code  Lc  zcl.o [1]
zclSerializeData        0x00209bbd   0x10c  Code  Gb  zcl.o [1]
zclSetSecurityOption    0x00209ba1    0x1c  Code  Lc  zcl.o [1]
zclWriteAttrData        0x00209ea7    0x44  Code  Lc  zcl.o [1]
zclWriteAttrDataUsingCB
                        0x00209ef1    0x3a  Code  Lc  zcl.o [1]
zcl_BuildAnalogData     0x00209ce1    0x26  Code  Lc  zcl.o [1]
zcl_DeviceOperational   0x0020938d    0x3a  Code  Lc  zcl.o [1]
zcl_EZModeAction        0x002189d1    0xca  Code  Gb  zcl_ezmode.o [1]
zcl_EZModeBindAddEntry  0x00218c2b    0x1e  Code  Gb  zcl_ezmode.o [1]
zcl_EZModePermitJoiningRequest
                        0x00218c03    0x28  Code  Gb  zcl_ezmode.o [1]
zcl_EZModeSendMatchDescReq
                        0x00218bd7    0x24  Code  Gb  zcl_ezmode.o [1]
zcl_EZModeStartTimer    0x00218bfb     0x4  Code  Gb  zcl_ezmode.o [1]
zcl_EZModeStopTimer     0x00218bff     0x4  Code  Gb  zcl_ezmode.o [1]
zcl_HandleExternal      0x002092a3    0x52  Code  Gb  zcl.o [1]
zcl_Init                0x002091ed     0x8  Code  Gb  zcl.o [1]
zcl_InvokeEZMode        0x00218987    0x4a  Code  Gb  zcl_ezmode.o [1]
zcl_ProcessEZMode       0x00218ab3   0x104  Code  Lc  zcl_ezmode.o [1]
zcl_ProcessMessageMSG   0x002097a9   0x1f0  Code  Gb  zcl.o [1]
zcl_ReadAttrData        0x00209e19    0x3a  Code  Gb  zcl.o [1]
zcl_RegisterEZMode      0x00218971    0x16  Code  Gb  zcl_ezmode.o [1]
zcl_SendCommand         0x002093c7   0x15e  Code  Gb  zcl.o [1]
zcl_SendDefaultRspCmd   0x00209773    0x36  Code  Gb  zcl.o [1]
zcl_SendReadRsp         0x00209525    0xea  Code  Gb  zcl.o [1]
zcl_SendReportCmd       0x002096bd    0x6a  Code  Gb  zcl.o [1]
zcl_SendWriteRsp        0x00209615    0x32  Code  Gb  zcl.o [1]
zcl_SetEZModeState      0x00218aa5     0xe  Code  Lc  zcl_ezmode.o [1]
zcl_TaskID              0x20005322     0x1  Data  Gb  zcl.o [1]
zcl_TransID             0x2000519c     0x1  Data  Gb  zcl.o [1]
zcl_ValidateAttrDataCB  0x200052a8     0x4  Data  Gb  zcl.o [1]
zcl_addExternalFoundationHandler
                        0x0020923d    0x4a  Code  Lc  zcl.o [1]
zcl_event_loop          0x002091f5    0x44  Code  Gb  zcl.o [1]
zcl_getExternalFoundationHandler
                        0x00209287    0x1c  Code  Lc  zcl.o [1]
zcl_getRawAFMsg         0x002092f5     0x8  Code  Gb  zcl.o [1]
zcl_registerAttrList    0x0020932d    0x26  Code  Gb  zcl.o [1]
zcl_registerForMsg      0x00209239     0x4  Code  Gb  zcl.o [1]
zcl_registerPlugin      0x002092fd    0x30  Code  Gb  zcl.o [1]
zcl_registerReadWriteCB
                        0x00209375    0x18  Code  Gb  zcl.o [1]
zdoCBFunc               0x200042a0    0x24  Data  Gb  ZDApp.o [1]
zdoDiscCounter          0x20004294     0x1  Data  Gb  ZDApp.o [1]
zdoMsgCBs               0x200052cc     0x4  Data  Gb  ZDProfile.o [1]
zdoSendStateChangeMsg   0x00214919    0x3e  Code  Lc  ZDObject.o [1]
zdpExternalStateTaskID  0x20004496     0x2  Data  Gb  ZDObject.o [1]
zdpMsgProcs             0x002179b4    0x70  Data  Gb  ZDProfile.o [1]
zdpProcessAddrReq       0x0021722b   0x19c  Code  Gb  ZDProfile.o [1]
zgApsAckWaitMultiplier  0x200044cc     0x1  Data  Gb  ZGlobals.o [1]
zgApsAllowR19Sec        0x20005332     0x1  Data  Gb  ZGlobals.o [1]
zgApsDefaultMaxBindingTime
                        0x200044a0     0x2  Data  Gb  ZGlobals.o [1]
zgApsLinkKeyType        0x200044d0     0x1  Data  Gb  ZGlobals.o [1]
zgApsMinDupRejTableSize
                        0x200044a6     0x2  Data  Gb  ZGlobals.o [1]
zgApsNonMemberRadius    0x200044ce     0x1  Data  Gb  ZGlobals.o [1]
zgApsTrustCenterAddr    0x20005254     0x8  Data  Gb  ZGlobals.o [1]
zgApsUseExtendedPANID   0x2000525c     0x8  Data  Gb  ZGlobals.o [1]
zgApsUseInsecureJoin    0x200044cd     0x1  Data  Gb  ZGlobals.o [1]
zgApscAckWaitDurationPolled
                        0x2000449e     0x2  Data  Gb  ZGlobals.o [1]
zgApscDupRejTimeoutCount
                        0x200044cf     0x1  Data  Gb  ZGlobals.o [1]
zgApscDupRejTimeoutInc  0x200044a4     0x2  Data  Gb  ZGlobals.o [1]
zgApscMaxFrameRetries   0x200044cb     0x1  Data  Gb  ZGlobals.o [1]
zgBcastDeliveryTime     0x200044c3     0x1  Data  Gb  ZGlobals.o [1]
zgChildAgingEnable      0x2000532f     0x1  Data  Gb  ZGlobals.o [1]
zgConcentratorDiscoveryTime
                        0x2000532b     0x1  Data  Gb  ZGlobals.o [1]
zgConcentratorEnable    0x2000532a     0x1  Data  Gb  ZGlobals.o [1]
zgConcentratorRC        0x2000532c     0x1  Data  Gb  ZGlobals.o [1]
zgConcentratorRadius    0x200044c5     0x1  Data  Gb  ZGlobals.o [1]
zgConfigPANID           0x200044a8     0x2  Data  Gb  ZGlobals.o [1]
zgDefaultChannelList    0x20004488     0x4  Data  Gb  ZGlobals.o [1]
zgDefaultRejoinBackoff  0x20004480     0x4  Data  Gb  ZGlobals.o [1]
zgDefaultRejoinScan     0x20004484     0x4  Data  Gb  ZGlobals.o [1]
zgDefaultStartingScanDuration
                        0x200044ba     0x1  Data  Gb  ZGlobals.o [1]
zgDeviceLogicalType     0x200044d1     0x1  Data  Gb  ZGlobals.o [1]
zgEndDeviceConfiguration
                        0x2000532e     0x1  Data  Gb  ZGlobals.o [1]
zgEndDeviceTimeoutValue
                        0x200044ca     0x1  Data  Gb  ZGlobals.o [1]
zgExtendedPANID         0x2000445c     0x8  Data  Gb  ZGlobals.o [1]
zgIndirectMsgTimeout    0x200044bc     0x1  Data  Gb  ZGlobals.o [1]
zgInit                  0x00215e61    0xd8  Code  Gb  ZGlobals.o [1]
zgInitItems             0x00215f39    0x56  Code  Gb  ZGlobals.o [1]
zgItemTable             0x00216030   0x1b0  Data  Lc  ZGlobals.o [1]
zgMaxBcastRetires       0x200044c1     0x1  Data  Gb  ZGlobals.o [1]
zgMaxDataRetries        0x200044b8     0x1  Data  Gb  ZGlobals.o [1]
zgMaxPollFailureRetries
                        0x200044b9     0x1  Data  Gb  ZGlobals.o [1]
zgNwkCommissionedNwkAddr
                        0x200044a2     0x2  Data  Gb  ZGlobals.o [1]
zgNwkEndDeviceTimeoutDefault
                        0x200044c9     0x1  Data  Gb  ZGlobals.o [1]
zgNwkLeaveRequestAllowed
                        0x200044c7     0x1  Data  Gb  ZGlobals.o [1]
zgNwkMgrMinTransmissions
                        0x200044d3     0x1  Data  Gb  ZGlobals.o [1]
zgNwkMgrMode            0x200044d4     0x1  Data  Gb  ZGlobals.o [1]
zgNwkMode               0x200044c4     0x1  Data  Gb  ZGlobals.o [1]
zgNwkParentInformation  0x200044c8     0x1  Data  Gb  ZGlobals.o [1]
zgNwkSrcRtgExpiryTime   0x200044c6     0x1  Data  Gb  ZGlobals.o [1]
zgPassiveAckTimeout     0x200044c2     0x1  Data  Gb  ZGlobals.o [1]
zgPollRate              0x20004458     0x4  Data  Gb  ZGlobals.o [1]
zgPreConfigKeys         0x20005330     0x1  Data  Gb  ZGlobals.o [1]
zgQueuedPollRate        0x20004498     0x2  Data  Gb  ZGlobals.o [1]
zgReadStartupOptions    0x00215f9d    0x1e  Code  Gb  ZGlobals.o [1]
zgRejoinPollRate        0x2000449c     0x2  Data  Gb  ZGlobals.o [1]
zgResponsePollRate      0x2000449a     0x2  Data  Gb  ZGlobals.o [1]
zgRouteDiscoveryTime    0x200044bf     0x1  Data  Gb  ZGlobals.o [1]
zgRouteExpiryTime       0x200044c0     0x1  Data  Gb  ZGlobals.o [1]
zgRouterOffAssocCleanup
                        0x2000532d     0x1  Data  Gb  ZGlobals.o [1]
zgSapiEndpoint          0x200044d5     0x1  Data  Gb  ZGlobals.o [1]
zgSecurePermitJoin      0x200044be     0x1  Data  Gb  ZGlobals.o [1]
zgSecurityMode          0x200044bd     0x1  Data  Gb  ZGlobals.o [1]
zgSetItem               0x00215ffb    0x34  Code  Gb  ZGlobals.o [1]
zgStackProfile          0x200044bb     0x1  Data  Gb  ZGlobals.o [1]
zgStartDelay            0x200044d2     0x1  Data  Gb  ZGlobals.o [1]
zgUseDefaultTCLK        0x20005331     0x1  Data  Gb  ZGlobals.o [1]
zgWriteStartupOptions   0x00215fbb    0x34  Code  Gb  ZGlobals.o [1]
zmacCBSizeTable         0x00203174    0x14  Data  Gb  zmac_cb.o [1]
zmain_ext_addr          0x0021a601    0xdc  Code  Lc  ZMain.o [1]


[1] = H:\Projects\Companies\Ashian\Codes\-DEVICES\SmartLight\CC2538\Router\Obj
[2] = command line
[3] = Router.a
[4] = TIMAC-CC2538.a
[5] = bsp.lib
[6] = dl7M_tln.a
[7] = rt7M_tl.a
[8] = sdriverlib.lib
[9] = shb_l.a

  108 004 bytes of readonly  code memory
    1 755 bytes of readonly  data memory
   13 120 bytes of readwrite data memory (+ 12 288 absolute)

Errors: none
Warnings: none
